 xerces-c_2_2_0

 Timestamp is 3e438366 (Fri Feb 07 04:59:02 2003)

 Preferred load address is 12000000

 Start         Length     Name                   Class
 0001:00000000 000e9060H .text                   CODE
 0001:000e9060 0000f4d2H .text$x                 CODE
 0002:00000000 0000015cH .idata$5                DATA
 0002:00000160 00031a44H .rdata                  DATA
 0002:00031ba8 00000044H .rdata$r                DATA
 0002:00031bf0 000155b8H .xdata$x                DATA
 0002:000471a8 00000050H .idata$2                DATA
 0002:000471f8 00000014H .idata$3                DATA
 0002:0004720c 0000015cH .idata$4                DATA
 0002:00047368 0000052aH .idata$6                DATA
 0002:000478a0 0006cdf5H .edata                  DATA
 0003:00000000 00000004H .CRT$XCA                DATA
 0003:00000004 00000050H .CRT$XCU                DATA
 0003:00000054 00000004H .CRT$XCZ                DATA
 0003:00000058 00000004H .CRT$XIA                DATA
 0003:0000005c 00000004H .CRT$XIZ                DATA
 0003:00000060 00023b90H .data                   DATA
 0003:00023bf0 00000b0cH .bss                    DATA
 0004:00000000 00000a00H .rsrc$01                DATA
 0004:00000a00 000148c0H .rsrc$02                DATA

  Address         Publics by Value              Rva+Base     Lib:Object

 0001:00000000       ??1XMLErrorReporter@xercesc_2_2@@UAE@XZ 12001000 f i Win32PlatformUtils.obj
 0001:00000010       ??0XMLErrorReporter@xercesc_2_2@@IAE@XZ 12001010 f i Win32PlatformUtils.obj
 0001:00000020       ??_EXMLErrorReporter@xercesc_2_2@@UAEPAXI@Z 12001020 f i Win32PlatformUtils.obj
 0001:00000080       ?curPos@BinMemInputStream@xercesc_2_2@@UBEIXZ 12001080 f i Win32PlatformUtils.obj
 0001:00000080       ?getPort@XMLUri@xercesc_2_2@@QBEHXZ 12001080 f i Win32PlatformUtils.obj
 0001:00000080       ?getType@DatatypeValidator@xercesc_2_2@@QBE?AW4ValidatorType@12@XZ 12001080 f i Win32PlatformUtils.obj
 0001:00000080       ?getTranscoder@XMLFormatter@xercesc_2_2@@QBEPBVXMLTranscoder@2@XZ 12001080 f i Win32PlatformUtils.obj
 0001:00000080       ?getFilter@DOMBuilderImpl@xercesc_2_2@@UAEPAVDOMBuilderFilter@2@XZ 12001080 f i Win32PlatformUtils.obj
 0001:00000080       ?getBaseURI@XMLNotationDecl@xercesc_2_2@@QBEPBGXZ 12001080 f i Win32PlatformUtils.obj
 0001:00000080       ?getNoParen@RegxParser@xercesc_2_2@@QBEHXZ 12001080 f i Win32PlatformUtils.obj
 0001:00000080       ?getScanner@XMLValidator@xercesc_2_2@@IAEPAVXMLScanner@2@XZ 12001080 f i Win32PlatformUtils.obj
 0001:00000080       ?getAttName@XMLAttr@xercesc_2_2@@QBEPAVQName@2@XZ 12001080 f i Win32PlatformUtils.obj
 0001:00000080       ?getCategories@RangeTokenMap@xercesc_2_2@@IBEPAVXMLStringPool@2@XZ 12001080 f i Win32PlatformUtils.obj
 0001:00000080       ?getPublicId@XSDLocator@xercesc_2_2@@UBEPBGXZ 12001080 f i Win32PlatformUtils.obj
 0001:00000080       ?getScanner@XMLValidator@xercesc_2_2@@IBEPBVXMLScanner@2@XZ 12001080 f i Win32PlatformUtils.obj
 0001:00000080       ?getScopeDefined@ComplexTypeInfo@xercesc_2_2@@QBEHXZ 12001080 f i Win32PlatformUtils.obj
 0001:00000080       ?getPublicId@XMLEntityDecl@xercesc_2_2@@QBEPBGXZ 12001080 f i Win32PlatformUtils.obj
 0001:00000080       ?getFilter@DOMBuilderImpl@xercesc_2_2@@UBEPBVDOMBuilderFilter@2@XZ 12001080 f i Win32PlatformUtils.obj
 0001:00000080       ?getErrorNode@DOMLocatorImpl@xercesc_2_2@@UBEPAVDOMNode@2@XZ 12001080 f i Win32PlatformUtils.obj
 0001:00000080       ?getBaseGroup@XercesGroupInfo@xercesc_2_2@@QBEPAV12@XZ 12001080 f i Win32PlatformUtils.obj
 0001:00000080       ?getPath@XMLURL@xercesc_2_2@@QBEPBGXZ 12001080 f i Win32PlatformUtils.obj
 0001:00000080       ?getScopeCount@SchemaInfo@xercesc_2_2@@QBEHXZ 12001080 f i Win32PlatformUtils.obj
 0001:00000080       ?getMessage@XMLException@xercesc_2_2@@QBEPBGXZ 12001080 f i Win32PlatformUtils.obj
 0001:00000090       ?getSrcFile@XMLException@xercesc_2_2@@QBEPBDXZ 12001090 f i Win32PlatformUtils.obj
 0001:000000a0       ?getReaderMgr@XMLValidator@xercesc_2_2@@IAEPAVReaderMgr@2@XZ 120010a0 f i Win32PlatformUtils.obj
 0001:000000a0       ?getErrorHandler@DOMBuilderImpl@xercesc_2_2@@UAEPAVDOMErrorHandler@2@XZ 120010a0 f i Win32PlatformUtils.obj
 0001:000000a0       ?getConditionToken@ConditionToken@xercesc_2_2@@QBEPAVToken@2@XZ 120010a0 f i Win32PlatformUtils.obj
 0001:000000a0       ?getSystemId@XSDLocator@xercesc_2_2@@UBEPBGXZ 120010a0 f i Win32PlatformUtils.obj
 0001:000000a0       ?getLocation@DOMErrorImpl@xercesc_2_2@@UBEPAVDOMLocator@2@XZ 120010a0 f i Win32PlatformUtils.obj
 0001:000000a0       ?getId@XMLElementDecl@xercesc_2_2@@QBEIXZ 120010a0 f i Win32PlatformUtils.obj
 0001:000000a0       ?getId@XMLAttDef@xercesc_2_2@@QBEIXZ 120010a0 f i Win32PlatformUtils.obj
 0001:000000a0       ?getString@StringToken@xercesc_2_2@@UBEPBGXZ 120010a0 f i Win32PlatformUtils.obj
 0001:000000a0       ?getNotationName@XMLEntityDecl@xercesc_2_2@@QBEPBGXZ 120010a0 f i Win32PlatformUtils.obj
 0001:000000a0       ?getOffset@DOMLocatorImpl@xercesc_2_2@@UBEJXZ 120010a0 f i Win32PlatformUtils.obj
 0001:000000a0       ?getEntityDeclPool@DTDGrammar@xercesc_2_2@@QBEPBV?$NameIdPool@VDTDEntityDecl@xercesc_2_2@@@2@XZ 120010a0 f i Win32PlatformUtils.obj
 0001:000000a0       ?getSystemId@InputSource@xercesc_2_2@@UBEPBGXZ 120010a0 f i Win32PlatformUtils.obj
 0001:000000a0       ?getOptionsMask@ModifierToken@xercesc_2_2@@QBEHXZ 120010a0 f i Win32PlatformUtils.obj
 0001:000000a0       ?getFinalSet@ComplexTypeInfo@xercesc_2_2@@QBEHXZ 120010a0 f i Win32PlatformUtils.obj
 0001:000000a0       ?getRangeMap@RangeTokenMap@xercesc_2_2@@IBEPAV?$RefHashTableOf@VRangeFactory@xercesc_2_2@@@2@XZ 120010a0 f i Win32PlatformUtils.obj
 0001:000000a0       ?getHost@XMLUri@xercesc_2_2@@QBEPBGXZ 120010a0 f i Win32PlatformUtils.obj
 0001:000000a0       ?getSelector@IdentityConstraint@xercesc_2_2@@QBEPAVIC_Selector@2@XZ 120010a0 f i Win32PlatformUtils.obj
 0001:000000a0       ?getErrorHandler@DOMBuilderImpl@xercesc_2_2@@UBEPBVDOMErrorHandler@2@XZ 120010a0 f i Win32PlatformUtils.obj
 0001:000000a0       ?getOffset@RegxParser@xercesc_2_2@@QBEHXZ 120010a0 f i Win32PlatformUtils.obj
 0001:000000a0       ?getMax@ClosureToken@xercesc_2_2@@UBEHXZ 120010a0 f i Win32PlatformUtils.obj
 0001:000000a0       ?getPassword@XMLURL@xercesc_2_2@@QBEPBGXZ 120010a0 f i Win32PlatformUtils.obj
 0001:000000a0       ?getEntityDeclPool@DTDGrammar@xercesc_2_2@@QAEPAV?$NameIdPool@VDTDEntityDecl@xercesc_2_2@@@2@XZ 120010a0 f i Win32PlatformUtils.obj
 0001:000000a0       ?getCompleteWildCard@XercesAttGroupInfo@xercesc_2_2@@QBEPAVSchemaAttDef@2@XZ 120010a0 f i Win32PlatformUtils.obj
 0001:000000a0       ?getSrcLine@XMLException@xercesc_2_2@@QBEIXZ 120010a0 f i Win32PlatformUtils.obj
 0001:000000a0       ?getSystemId@XMLNotationDecl@xercesc_2_2@@QBEPBGXZ 120010a0 f i Win32PlatformUtils.obj
 0001:000000a0       ?getTargetNSURI@SchemaInfo@xercesc_2_2@@QBEHXZ 120010a0 f i Win32PlatformUtils.obj
 0001:000000a0       ?getReaderMgr@XMLValidator@xercesc_2_2@@IBEPBVReaderMgr@2@XZ 120010a0 f i Win32PlatformUtils.obj
 0001:000000a0       ?getFixed@DatatypeValidator@xercesc_2_2@@IBEHXZ 120010a0 f i Win32PlatformUtils.obj
 0001:000000b0       ?getErrorType@XMLException@xercesc_2_2@@QBE?AW4ErrTypes@XMLErrorReporter@2@XZ 120010b0 f i Win32PlatformUtils.obj
 0001:000000f0       ??0XMLPlatformUtilsException@xercesc_2_2@@QAE@QBDIW4Codes@XMLExcepts@1@@Z 120010f0 f i Win32PlatformUtils.obj
 0001:00000150       ??0XMLPlatformUtilsException@xercesc_2_2@@QAE@ABV01@@Z 12001150 f i Win32PlatformUtils.obj
 0001:00000170       ??0XMLPlatformUtilsException@xercesc_2_2@@QAE@QBDIW4Codes@XMLExcepts@1@QBG222@Z 12001170 f i Win32PlatformUtils.obj
 0001:000001e0       ??0XMLPlatformUtilsException@xercesc_2_2@@QAE@QBDIW4Codes@XMLExcepts@1@0000@Z 120011e0 f i Win32PlatformUtils.obj
 0001:00000250       ??1XMLPlatformUtilsException@xercesc_2_2@@UAE@XZ 12001250 f i Win32PlatformUtils.obj
 0001:00000260       ?duplicate@XMLPlatformUtilsException@xercesc_2_2@@UBEPAVXMLException@2@XZ 12001260 f i Win32PlatformUtils.obj
 0001:000002c0       ?getType@XMLPlatformUtilsException@xercesc_2_2@@UBEPBGXZ 120012c0 f i Win32PlatformUtils.obj
 0001:000002d0       ??_EXMLPlatformUtilsException@xercesc_2_2@@UAEPAXI@Z 120012d0 f i Win32PlatformUtils.obj
 0001:00000330       ??1XMLDeleter@xercesc_2_2@@UAE@XZ 12001330 f i Win32PlatformUtils.obj
 0001:00000340       ??_EXMLDeleter@xercesc_2_2@@UAEPAXI@Z 12001340 f i Win32PlatformUtils.obj
 0001:000003a0       ??0XMLDeleter@xercesc_2_2@@IAE@XZ 120013a0 f i Win32PlatformUtils.obj
 0001:000003b0       ??0RuntimeException@xercesc_2_2@@QAE@QBDIW4Codes@XMLExcepts@1@@Z 120013b0 f i Win32PlatformUtils.obj
 0001:00000410       ??0RuntimeException@xercesc_2_2@@QAE@ABV01@@Z 12001410 f i Win32PlatformUtils.obj
 0001:00000430       ??0RuntimeException@xercesc_2_2@@QAE@QBDIW4Codes@XMLExcepts@1@QBG222@Z 12001430 f i Win32PlatformUtils.obj
 0001:000004a0       ??0RuntimeException@xercesc_2_2@@QAE@QBDIW4Codes@XMLExcepts@1@0000@Z 120014a0 f i Win32PlatformUtils.obj
 0001:00000510       ??1RuntimeException@xercesc_2_2@@UAE@XZ 12001510 f i Win32PlatformUtils.obj
 0001:00000520       ?duplicate@RuntimeException@xercesc_2_2@@UBEPAVXMLException@2@XZ 12001520 f i Win32PlatformUtils.obj
 0001:00000580       ?getType@RuntimeException@xercesc_2_2@@UBEPBGXZ 12001580 f i Win32PlatformUtils.obj
 0001:00000590       ??_ERuntimeException@xercesc_2_2@@UAEPAXI@Z 12001590 f i Win32PlatformUtils.obj
 0001:000005f0       ??0ArrayIndexOutOfBoundsException@xercesc_2_2@@QAE@QBDIW4Codes@XMLExcepts@1@@Z 120015f0 f i Win32PlatformUtils.obj
 0001:00000650       ??0ArrayIndexOutOfBoundsException@xercesc_2_2@@QAE@ABV01@@Z 12001650 f i Win32PlatformUtils.obj
 0001:00000670       ??0ArrayIndexOutOfBoundsException@xercesc_2_2@@QAE@QBDIW4Codes@XMLExcepts@1@QBG222@Z 12001670 f i Win32PlatformUtils.obj
 0001:000006e0       ??0ArrayIndexOutOfBoundsException@xercesc_2_2@@QAE@QBDIW4Codes@XMLExcepts@1@0000@Z 120016e0 f i Win32PlatformUtils.obj
 0001:00000750       ??1ArrayIndexOutOfBoundsException@xercesc_2_2@@UAE@XZ 12001750 f i Win32PlatformUtils.obj
 0001:00000760       ?duplicate@ArrayIndexOutOfBoundsException@xercesc_2_2@@UBEPAVXMLException@2@XZ 12001760 f i Win32PlatformUtils.obj
 0001:000007c0       ?getType@ArrayIndexOutOfBoundsException@xercesc_2_2@@UBEPBGXZ 120017c0 f i Win32PlatformUtils.obj
 0001:000007d0       ??_EArrayIndexOutOfBoundsException@xercesc_2_2@@UAEPAXI@Z 120017d0 f i Win32PlatformUtils.obj
 0001:00000830       ??4Base64@xercesc_2_2@@QAEAAV01@ABV01@@Z 12001830 f i Win32PlatformUtils.obj
 0001:00000830       ??4XercesElementWildcard@xercesc_2_2@@QAEAAV01@ABV01@@Z 12001830 f i Win32PlatformUtils.obj
 0001:00000830       ??4XMLPlatformUtils@xercesc_2_2@@QAEAAV01@ABV01@@Z 12001830 f i Win32PlatformUtils.obj
 0001:00000830       ??4XUtil@xercesc_2_2@@QAEAAV01@ABV01@@Z 12001830 f i Win32PlatformUtils.obj
 0001:00000830       ??4XMLChar1_0@xercesc_2_2@@QAEAAV01@ABV01@@Z 12001830 f i Win32PlatformUtils.obj
 0001:00000830       ??4XMLScannerResolver@xercesc_2_2@@QAEAAV01@ABV01@@Z 12001830 f i Win32PlatformUtils.obj
 0001:00000830       ??4HexBin@xercesc_2_2@@QAEAAV01@ABV01@@Z 12001830 f i Win32PlatformUtils.obj
 0001:00000830       ??4XMLUniCharacter@xercesc_2_2@@QAEAAV01@ABV01@@Z 12001830 f i Win32PlatformUtils.obj
 0001:00000830       ??4XPathSymbols@xercesc_2_2@@QAEAAV01@ABV01@@Z 12001830 f i Win32PlatformUtils.obj
 0001:00000830       ??4XMLString@xercesc_2_2@@QAEAAV01@ABV01@@Z 12001830 f i Win32PlatformUtils.obj
 0001:00000830       ??4XMLReaderFactory@xercesc_2_2@@QAEAAV01@ABV01@@Z 12001830 f i Win32PlatformUtils.obj
 0001:00000830       ??4XMLUni@xercesc_2_2@@QAEAAV01@ABV01@@Z 12001830 f i Win32PlatformUtils.obj
 0001:00000830       ??4SchemaSymbols@xercesc_2_2@@QAEAAV01@ABV01@@Z 12001830 f i Win32PlatformUtils.obj
 0001:00000830       ??4XMLChar1_1@xercesc_2_2@@QAEAAV01@ABV01@@Z 12001830 f i Win32PlatformUtils.obj
 0001:00000830       ??4PSVIDefs@xercesc_2_2@@QAEAAV01@ABV01@@Z 12001830 f i Win32PlatformUtils.obj
 0001:00000830       ??4RegxUtil@xercesc_2_2@@QAEAAV01@ABV01@@Z 12001830 f i Win32PlatformUtils.obj
 0001:00000830       ??4DOMImplementationRegistry@xercesc_2_2@@QAEAAV01@ABV01@@Z 12001830 f i Win32PlatformUtils.obj
 0001:00000840       ?moveChars@XMLString@xercesc_2_2@@SAXQAGQBGI@Z 12001840 f i Win32PlatformUtils.obj
 0001:00000870       ?stringLen@XMLString@xercesc_2_2@@SAIQBG@Z 12001870 f i Win32PlatformUtils.obj
 0001:000008a0       ?startsWith@XMLString@xercesc_2_2@@SA_NQBG0@Z 120018a0 f i Win32PlatformUtils.obj
 0001:000008e0       ?startsWithI@XMLString@xercesc_2_2@@SA_NQBG0@Z 120018e0 f i Win32PlatformUtils.obj
 0001:00000920       ?endsWith@XMLString@xercesc_2_2@@SA_NQBG0@Z 12001920 f i Win32PlatformUtils.obj
 0001:000009a0       ?replicate@XMLString@xercesc_2_2@@SAPAGQBG@Z 120019a0 f i Win32PlatformUtils.obj
 0001:00000a00       ?validateRegion@XMLString@xercesc_2_2@@CA_NQBGH0HI@Z 12001a00 f i Win32PlatformUtils.obj
 0001:00000a80       ?equals@XMLString@xercesc_2_2@@SA_NQBG0@Z 12001a80 f i Win32PlatformUtils.obj
 0001:00000ad0       ?equals@XMLString@xercesc_2_2@@SA_NQBD0@Z 12001ad0 f i Win32PlatformUtils.obj
 0001:00000b20       ?getScale@XMLBigDecimal@xercesc_2_2@@QBEIXZ 12001b20 f i Win32PlatformUtils.obj
 0001:00000b20       ?getIdentityConstraint@IC_Field@xercesc_2_2@@QBEPAVIdentityConstraint@2@XZ 12001b20 f i Win32PlatformUtils.obj
 0001:00000b20       ?getEnumeration@XMLAttDef@xercesc_2_2@@QBEPBGXZ 12001b20 f i Win32PlatformUtils.obj
 0001:00000b20       ?getPublicId@InputSource@xercesc_2_2@@UBEPBGXZ 12001b20 f i Win32PlatformUtils.obj
 0001:00000b20       ?getLocationPaths@XercesXPath@xercesc_2_2@@QBEPAV?$RefVectorOf@VXercesLocationPath@xercesc_2_2@@@2@XZ 12001b20 f i Win32PlatformUtils.obj
 0001:00000b20       ?getNoParen@ParenToken@xercesc_2_2@@UBEHXZ 12001b20 f i Win32PlatformUtils.obj
 0001:00000b20       ?getPublicId@XMLNotationDecl@xercesc_2_2@@QBEPBGXZ 12001b20 f i Win32PlatformUtils.obj
 0001:00000b20       ?getContentSpec@XercesGroupInfo@xercesc_2_2@@QBEPAVContentSpecNode@2@XZ 12001b20 f i Win32PlatformUtils.obj
 0001:00000b20       ?getColumnNumber@XSDLocator@xercesc_2_2@@UBEJXZ 12001b20 f i Win32PlatformUtils.obj
 0001:00000b20       ?getMessage@DOMErrorImpl@xercesc_2_2@@UBEPBGXZ 12001b20 f i Win32PlatformUtils.obj
 0001:00000b20       ?getUserInfo@XMLUri@xercesc_2_2@@QBEPBGXZ 12001b20 f i Win32PlatformUtils.obj
 0001:00000b20       ?getMin@ClosureToken@xercesc_2_2@@UBEHXZ 12001b20 f i Win32PlatformUtils.obj
 0001:00000b20       ?getEntityResolver@DOMBuilderImpl@xercesc_2_2@@UAEPAVDOMEntityResolver@2@XZ 12001b20 f i Win32PlatformUtils.obj
 0001:00000b20       ?getFacetsDefined@DatatypeValidator@xercesc_2_2@@IBEHXZ 12001b20 f i Win32PlatformUtils.obj
 0001:00000b20       ?getEntityResolver@DOMBuilderImpl@xercesc_2_2@@UBEPBVDOMEntityResolver@2@XZ 12001b20 f i Win32PlatformUtils.obj
 0001:00000b20       ?getChar@CharToken@xercesc_2_2@@UBEHXZ 12001b20 f i Win32PlatformUtils.obj
 0001:00000b20       ?getReferenceNo@StringToken@xercesc_2_2@@UBEHXZ 12001b20 f i Win32PlatformUtils.obj
 0001:00000b20       ?getOptions@ModifierToken@xercesc_2_2@@QBEHXZ 12001b20 f i Win32PlatformUtils.obj
 0001:00000b20       ?getFinalDefault@SchemaInfo@xercesc_2_2@@QBEHXZ 12001b20 f i Win32PlatformUtils.obj
 0001:00000b20       ?getLen@MemBufFormatTarget@xercesc_2_2@@QBEIXZ 12001b20 f i Win32PlatformUtils.obj
 0001:00000b20       ?curPos@BinHTTPURLInputStream@xercesc_2_2@@UBEIXZ 12001b20 f i Win32PlatformUtils.obj
 0001:00000b20       ?getTokenRegistry@RangeTokenMap@xercesc_2_2@@IBEPAV?$RefHashTableOf@VRangeTokenElemMap@xercesc_2_2@@@2@XZ 12001b20 f i Win32PlatformUtils.obj
 0001:00000b20       ?getName@XMLEntityDecl@xercesc_2_2@@QBEPBGXZ 12001b20 f i Win32PlatformUtils.obj
 0001:00000b20       ?getHost@XMLURL@xercesc_2_2@@QBEPBGXZ 12001b20 f i Win32PlatformUtils.obj
 0001:00000b20       ?getValue@XMLAttr@xercesc_2_2@@QBEPBGXZ 12001b20 f i Win32PlatformUtils.obj
 0001:00000b20       ?getBlockSet@ComplexTypeInfo@xercesc_2_2@@QBEHXZ 12001b20 f i Win32PlatformUtils.obj
 0001:00000b20       ?getIdentityConstraint@ValueStore@xercesc_2_2@@QBEPAVIdentityConstraint@2@XZ 12001b20 f i Win32PlatformUtils.obj
 0001:00000b20       ?getKey@XMLEntityDecl@xercesc_2_2@@QBEPBGXZ 12001b20 f i Win32PlatformUtils.obj
 0001:00000b20       ?getLocalPart@QName@xercesc_2_2@@QBEPBGXZ 12001b20 f i Win32PlatformUtils.obj
 0001:00000b20       ?getReferenceNo@ConditionToken@xercesc_2_2@@UBEHXZ 12001b20 f i Win32PlatformUtils.obj
 0001:00000b20       ?getElementName@IdentityConstraint@xercesc_2_2@@QBEPAGXZ 12001b20 f i Win32PlatformUtils.obj
 0001:00000b20       ?getColumnNumber@DOMLocatorImpl@xercesc_2_2@@UBEJXZ 12001b20 f i Win32PlatformUtils.obj
 0001:00000b20       ?getLocalPart@QName@xercesc_2_2@@QAEPAGXZ 12001b20 f i Win32PlatformUtils.obj
 0001:00000b20       ?getNextOp@Op@xercesc_2_2@@QBEPBV12@XZ 12001b20 f i Win32PlatformUtils.obj
 0001:00000b20       ?getCreateReason@XMLElementDecl@xercesc_2_2@@QBE?AW4CreateReasons@12@XZ 12001b20 f i Win32PlatformUtils.obj
 0001:00000b20       ?getRawData@XMLBigInteger@xercesc_2_2@@QBEPAGXZ 12001b20 f i Win32PlatformUtils.obj
 0001:00000b20       ?getEncodingName@XMLTranscoder@xercesc_2_2@@QBEPBGXZ 12001b20 f i Win32PlatformUtils.obj
 0001:00000b30       ??0HashBase@xercesc_2_2@@QAE@XZ 12001b30 f i Win32PlatformUtils.obj
 0001:00000b40       ??0HashBase@xercesc_2_2@@QAE@ABV01@@Z 12001b40 f i Win32PlatformUtils.obj
 0001:00000b50       ??4DOMWriterFilter@xercesc_2_2@@IAEAAV01@ABV01@@Z 12001b50 f i Win32PlatformUtils.obj
 0001:00000b50       ??4HashCMStateSet@xercesc_2_2@@QAEAAV01@ABV01@@Z 12001b50 f i Win32PlatformUtils.obj
 0001:00000b50       ??4DOMTypeInfo@xercesc_2_2@@IAEAAV01@ABV01@@Z 12001b50 f i Win32PlatformUtils.obj
 0001:00000b50       ??4DOMElement@xercesc_2_2@@IAEAAV01@ABV01@@Z 12001b50 f i Win32PlatformUtils.obj
 0001:00000b50       ??4DOMErrorHandler@xercesc_2_2@@IAEAAV01@ABV01@@Z 12001b50 f i Win32PlatformUtils.obj
 0001:00000b50       ??4HashPtr@xercesc_2_2@@QAEAAV01@ABV01@@Z 12001b50 f i Win32PlatformUtils.obj
 0001:00000b50       ??4DOMError@xercesc_2_2@@IAEAAV01@ABV01@@Z 12001b50 f i Win32PlatformUtils.obj
 0001:00000b50       ??4DOMNodeList@xercesc_2_2@@IAEAAV01@ABV01@@Z 12001b50 f i Win32PlatformUtils.obj
 0001:00000b50       ??4DOMEntityReference@xercesc_2_2@@IAEAAV01@ABV01@@Z 12001b50 f i Win32PlatformUtils.obj
 0001:00000b50       ??4DOMImplementation@xercesc_2_2@@IAEAAV01@ABV01@@Z 12001b50 f i Win32PlatformUtils.obj
 0001:00000b50       ??4DOMInputSource@xercesc_2_2@@IAEAAV01@ABV01@@Z 12001b50 f i Win32PlatformUtils.obj
 0001:00000b50       ??4DOMAttr@xercesc_2_2@@IAEAAV01@ABV01@@Z 12001b50 f i Win32PlatformUtils.obj
 0001:00000b50       ??4HashXMLCh@xercesc_2_2@@QAEAAV01@ABV01@@Z 12001b50 f i Win32PlatformUtils.obj
 0001:00000b50       ??4HashBase@xercesc_2_2@@QAEAAV01@ABV01@@Z 12001b50 f i Win32PlatformUtils.obj
 0001:00000b50       ??4DOMImplementationLS@xercesc_2_2@@IAEAAV01@ABV01@@Z 12001b50 f i Win32PlatformUtils.obj
 0001:00000b50       ??4DOMNodeFilter@xercesc_2_2@@IAEAAV01@ABV01@@Z 12001b50 f i Win32PlatformUtils.obj
 0001:00000b50       ??4DOMBuilder@xercesc_2_2@@IAEAAV01@ABV01@@Z 12001b50 f i Win32PlatformUtils.obj
 0001:00000b50       ??4DOMUserDataHandler@xercesc_2_2@@IAEAAV01@ABV01@@Z 12001b50 f i Win32PlatformUtils.obj
 0001:00000b50       ??4DOMLocator@xercesc_2_2@@IAEAAV01@ABV01@@Z 12001b50 f i Win32PlatformUtils.obj
 0001:00000b50       ??4XMLNumber@xercesc_2_2@@QAEAAV01@ABV01@@Z 12001b50 f i Win32PlatformUtils.obj
 0001:00000b50       ??4DOMText@xercesc_2_2@@IAEAAV01@ABV01@@Z 12001b50 f i Win32PlatformUtils.obj
 0001:00000b50       ??4DOMImplementationSource@xercesc_2_2@@IAEAAV01@ABV01@@Z 12001b50 f i Win32PlatformUtils.obj
 0001:00000b50       ??4DOMNamedNodeMap@xercesc_2_2@@IAEAAV01@ABV01@@Z 12001b50 f i Win32PlatformUtils.obj
 0001:00000b50       ??4DOMProcessingInstruction@xercesc_2_2@@IAEAAV01@ABV01@@Z 12001b50 f i Win32PlatformUtils.obj
 0001:00000b50       ??4DOMDocument@xercesc_2_2@@IAEAAV01@ABV01@@Z 12001b50 f i Win32PlatformUtils.obj
 0001:00000b50       ??4DOMNotation@xercesc_2_2@@IAEAAV01@ABV01@@Z 12001b50 f i Win32PlatformUtils.obj
 0001:00000b50       ??4DOMDocumentTraversal@xercesc_2_2@@IAEAAV01@ABV01@@Z 12001b50 f i Win32PlatformUtils.obj
 0001:00000b50       ??4DOMDocumentFragment@xercesc_2_2@@IAEAAV01@ABV01@@Z 12001b50 f i Win32PlatformUtils.obj
 0001:00000b50       ??4DOMTreeWalker@xercesc_2_2@@IAEAAV01@ABV01@@Z 12001b50 f i Win32PlatformUtils.obj
 0001:00000b50       ??4DOMDocumentRange@xercesc_2_2@@IAEAAV01@ABV01@@Z 12001b50 f i Win32PlatformUtils.obj
 0001:00000b50       ??4DOMDocumentType@xercesc_2_2@@IAEAAV01@ABV01@@Z 12001b50 f i Win32PlatformUtils.obj
 0001:00000b50       ??4DOMNode@xercesc_2_2@@IAEAAV01@ABV01@@Z 12001b50 f i Win32PlatformUtils.obj
 0001:00000b50       ??4DOMWriter@xercesc_2_2@@IAEAAV01@ABV01@@Z 12001b50 f i Win32PlatformUtils.obj
 0001:00000b50       ??4DOMComment@xercesc_2_2@@IAEAAV01@ABV01@@Z 12001b50 f i Win32PlatformUtils.obj
 0001:00000b50       ??4DOMEntity@xercesc_2_2@@IAEAAV01@ABV01@@Z 12001b50 f i Win32PlatformUtils.obj
 0001:00000b50       ??4XMLAttDefList@xercesc_2_2@@IAEAAV01@ABV01@@Z 12001b50 f i Win32PlatformUtils.obj
 0001:00000b50       ??4Grammar@xercesc_2_2@@QAEAAV01@ABV01@@Z 12001b50 f i Win32PlatformUtils.obj
 0001:00000b50       ??4DOMRange@xercesc_2_2@@IAEAAV01@ABV01@@Z 12001b50 f i Win32PlatformUtils.obj
 0001:00000b50       ??4DOMCharacterData@xercesc_2_2@@IAEAAV01@ABV01@@Z 12001b50 f i Win32PlatformUtils.obj
 0001:00000b50       ??4DOMCDATASection@xercesc_2_2@@IAEAAV01@ABV01@@Z 12001b50 f i Win32PlatformUtils.obj
 0001:00000b50       ??4DOMNodeIterator@xercesc_2_2@@IAEAAV01@ABV01@@Z 12001b50 f i Win32PlatformUtils.obj
 0001:00000b50       ??4DOMEntityResolver@xercesc_2_2@@IAEAAV01@ABV01@@Z 12001b50 f i Win32PlatformUtils.obj
 0001:00000b60       ??0IllegalArgumentException@xercesc_2_2@@QAE@QBDIW4Codes@XMLExcepts@1@@Z 12001b60 f i Win32PlatformUtils.obj
 0001:00000bc0       ??0IllegalArgumentException@xercesc_2_2@@QAE@ABV01@@Z 12001bc0 f i Win32PlatformUtils.obj
 0001:00000be0       ??0IllegalArgumentException@xercesc_2_2@@QAE@QBDIW4Codes@XMLExcepts@1@QBG222@Z 12001be0 f i Win32PlatformUtils.obj
 0001:00000c50       ??0IllegalArgumentException@xercesc_2_2@@QAE@QBDIW4Codes@XMLExcepts@1@0000@Z 12001c50 f i Win32PlatformUtils.obj
 0001:00000cc0       ??1IllegalArgumentException@xercesc_2_2@@UAE@XZ 12001cc0 f i Win32PlatformUtils.obj
 0001:00000cd0       ?duplicate@IllegalArgumentException@xercesc_2_2@@UBEPAVXMLException@2@XZ 12001cd0 f i Win32PlatformUtils.obj
 0001:00000d30       ?getType@IllegalArgumentException@xercesc_2_2@@UBEPBGXZ 12001d30 f i Win32PlatformUtils.obj
 0001:00000d40       ??_EIllegalArgumentException@xercesc_2_2@@UAEPAXI@Z 12001d40 f i Win32PlatformUtils.obj
 0001:00000da0       ??0NoSuchElementException@xercesc_2_2@@QAE@QBDIW4Codes@XMLExcepts@1@@Z 12001da0 f i Win32PlatformUtils.obj
 0001:00000e00       ??0NoSuchElementException@xercesc_2_2@@QAE@ABV01@@Z 12001e00 f i Win32PlatformUtils.obj
 0001:00000e20       ??0NoSuchElementException@xercesc_2_2@@QAE@QBDIW4Codes@XMLExcepts@1@QBG222@Z 12001e20 f i Win32PlatformUtils.obj
 0001:00000e90       ??0NoSuchElementException@xercesc_2_2@@QAE@QBDIW4Codes@XMLExcepts@1@0000@Z 12001e90 f i Win32PlatformUtils.obj
 0001:00000f00       ??1NoSuchElementException@xercesc_2_2@@UAE@XZ 12001f00 f i Win32PlatformUtils.obj
 0001:00000f10       ?duplicate@NoSuchElementException@xercesc_2_2@@UBEPAVXMLException@2@XZ 12001f10 f i Win32PlatformUtils.obj
 0001:00000f70       ?getType@NoSuchElementException@xercesc_2_2@@UBEPBGXZ 12001f70 f i Win32PlatformUtils.obj
 0001:00000f80       ??_ENoSuchElementException@xercesc_2_2@@UAEPAXI@Z 12001f80 f i Win32PlatformUtils.obj
 0001:00000fe0       ??0HashXMLCh@xercesc_2_2@@QAE@ABV01@@Z 12001fe0 f i Win32PlatformUtils.obj
 0001:00000ff0       ??_EHashXMLCh@xercesc_2_2@@UAEPAXI@Z 12001ff0 f i Win32PlatformUtils.obj
 0001:00001050       ??0NullPointerException@xercesc_2_2@@QAE@QBDIW4Codes@XMLExcepts@1@@Z 12002050 f i Win32PlatformUtils.obj
 0001:000010b0       ??0NullPointerException@xercesc_2_2@@QAE@ABV01@@Z 120020b0 f i Win32PlatformUtils.obj
 0001:000010d0       ??0NullPointerException@xercesc_2_2@@QAE@QBDIW4Codes@XMLExcepts@1@QBG222@Z 120020d0 f i Win32PlatformUtils.obj
 0001:00001140       ??0NullPointerException@xercesc_2_2@@QAE@QBDIW4Codes@XMLExcepts@1@0000@Z 12002140 f i Win32PlatformUtils.obj
 0001:000011b0       ??1NullPointerException@xercesc_2_2@@UAE@XZ 120021b0 f i Win32PlatformUtils.obj
 0001:000011c0       ?duplicate@NullPointerException@xercesc_2_2@@UBEPAVXMLException@2@XZ 120021c0 f i Win32PlatformUtils.obj
 0001:00001220       ?getType@NullPointerException@xercesc_2_2@@UBEPBGXZ 12002220 f i Win32PlatformUtils.obj
 0001:00001230       ??_ENullPointerException@xercesc_2_2@@UAEPAXI@Z 12002230 f i Win32PlatformUtils.obj
 0001:00001290       ??1XMLMsgLoader@xercesc_2_2@@UAE@XZ 12002290 f i Win32PlatformUtils.obj
 0001:000012a0       ??_EXMLMsgLoader@xercesc_2_2@@UAEPAXI@Z 120022a0 f i Win32PlatformUtils.obj
 0001:00001300       ??0XMLMsgLoader@xercesc_2_2@@IAE@XZ 12002300 f i Win32PlatformUtils.obj
 0001:00001310       ??9XMLURL@xercesc_2_2@@QBE_NABV01@@Z 12002310 f i Win32PlatformUtils.obj
 0001:00001330       ?getURLText@XMLURL@xercesc_2_2@@QBEPBGXZ 12002330 f i Win32PlatformUtils.obj
 0001:00001350       ??0MalformedURLException@xercesc_2_2@@QAE@QBDIW4Codes@XMLExcepts@1@@Z 12002350 f i Win32PlatformUtils.obj
 0001:000013b0       ??0MalformedURLException@xercesc_2_2@@QAE@ABV01@@Z 120023b0 f i Win32PlatformUtils.obj
 0001:000013d0       ??0MalformedURLException@xercesc_2_2@@QAE@QBDIW4Codes@XMLExcepts@1@QBG222@Z 120023d0 f i Win32PlatformUtils.obj
 0001:00001440       ??0MalformedURLException@xercesc_2_2@@QAE@QBDIW4Codes@XMLExcepts@1@0000@Z 12002440 f i Win32PlatformUtils.obj
 0001:000014b0       ??1MalformedURLException@xercesc_2_2@@UAE@XZ 120024b0 f i Win32PlatformUtils.obj
 0001:000014c0       ?duplicate@MalformedURLException@xercesc_2_2@@UBEPAVXMLException@2@XZ 120024c0 f i Win32PlatformUtils.obj
 0001:00001520       ?getType@MalformedURLException@xercesc_2_2@@UBEPBGXZ 12002520 f i Win32PlatformUtils.obj
 0001:00001530       ??_EMalformedURLException@xercesc_2_2@@UAEPAXI@Z 12002530 f i Win32PlatformUtils.obj
 0001:00001590       ??1XMLNetAccessor@xercesc_2_2@@UAE@XZ 12002590 f i Win32PlatformUtils.obj
 0001:000015a0       ??0XMLNetAccessor@xercesc_2_2@@IAE@XZ 120025a0 f i Win32PlatformUtils.obj
 0001:000015b0       ??_EXMLNetAccessor@xercesc_2_2@@UAEPAXI@Z 120025b0 f i Win32PlatformUtils.obj
 0001:00001610       ??0NetAccessorException@xercesc_2_2@@QAE@QBDIW4Codes@XMLExcepts@1@@Z 12002610 f i Win32PlatformUtils.obj
 0001:00001670       ??0NetAccessorException@xercesc_2_2@@QAE@ABV01@@Z 12002670 f i Win32PlatformUtils.obj
 0001:00001690       ??0NetAccessorException@xercesc_2_2@@QAE@QBDIW4Codes@XMLExcepts@1@QBG222@Z 12002690 f i Win32PlatformUtils.obj
 0001:00001700       ??0NetAccessorException@xercesc_2_2@@QAE@QBDIW4Codes@XMLExcepts@1@0000@Z 12002700 f i Win32PlatformUtils.obj
 0001:00001770       ??1NetAccessorException@xercesc_2_2@@UAE@XZ 12002770 f i Win32PlatformUtils.obj
 0001:00001780       ?duplicate@NetAccessorException@xercesc_2_2@@UBEPAVXMLException@2@XZ 12002780 f i Win32PlatformUtils.obj
 0001:000017e0       ?getType@NetAccessorException@xercesc_2_2@@UBEPBGXZ 120027e0 f i Win32PlatformUtils.obj
 0001:000017f0       ??_ENetAccessorException@xercesc_2_2@@UAEPAXI@Z 120027f0 f i Win32PlatformUtils.obj
 0001:00001850       ?getId@WinSockNetAccessor@xercesc_2_2@@UBEPBGXZ 12002850 f i Win32PlatformUtils.obj
 0001:00001860       ?panic@XMLPlatformUtils@xercesc_2_2@@SAXW4PanicReasons@12@@Z 12002860 f   Win32PlatformUtils.obj
 0001:000018e0       ?curFilePos@XMLPlatformUtils@xercesc_2_2@@SAIPAX@Z 120028e0 f   Win32PlatformUtils.obj
 0001:00001930       ?closeFile@XMLPlatformUtils@xercesc_2_2@@SAXPAX@Z 12002930 f   Win32PlatformUtils.obj
 0001:00001970       ?fileSize@XMLPlatformUtils@xercesc_2_2@@SAIPAX@Z 12002970 f   Win32PlatformUtils.obj
 0001:00001a30       ?openFile@XMLPlatformUtils@xercesc_2_2@@SAPAXQBD@Z 12002a30 f   Win32PlatformUtils.obj
 0001:00001a60       ?openFile@XMLPlatformUtils@xercesc_2_2@@SAPAXQBG@Z 12002a60 f   Win32PlatformUtils.obj
 0001:00001bf0       ?openFileToWrite@XMLPlatformUtils@xercesc_2_2@@SAPAXQBD@Z 12002bf0 f   Win32PlatformUtils.obj
 0001:00001c20       ?openFileToWrite@XMLPlatformUtils@xercesc_2_2@@SAPAXQBG@Z 12002c20 f   Win32PlatformUtils.obj
 0001:00001d40       ?openStdInHandle@XMLPlatformUtils@xercesc_2_2@@SAPAXXZ 12002d40 f   Win32PlatformUtils.obj
 0001:00001e00       ?readFileBuffer@XMLPlatformUtils@xercesc_2_2@@SAIPAXIQAE@Z 12002e00 f   Win32PlatformUtils.obj
 0001:00001e70       ?writeBufferToFile@XMLPlatformUtils@xercesc_2_2@@SAXQAXJQBE@Z 12002e70 f   Win32PlatformUtils.obj
 0001:00001f00       ?resetFile@XMLPlatformUtils@xercesc_2_2@@SAXPAX@Z 12002f00 f   Win32PlatformUtils.obj
 0001:00001f50       ?getFullPath@XMLPlatformUtils@xercesc_2_2@@SAPAGQBG@Z 12002f50 f   Win32PlatformUtils.obj
 0001:000020f0       ?isRelative@XMLPlatformUtils@xercesc_2_2@@SA_NQBG@Z 120030f0 f   Win32PlatformUtils.obj
 0001:00002150       ?weavePaths@XMLPlatformUtils@xercesc_2_2@@SAPAGQBG0@Z 12003150 f   Win32PlatformUtils.obj
 0001:00002390       ?getCurrentMillis@XMLPlatformUtils@xercesc_2_2@@SAKXZ 12003390 f   Win32PlatformUtils.obj
 0001:000023a0       ?closeMutex@XMLPlatformUtils@xercesc_2_2@@SAXQAX@Z 120033a0 f   Win32PlatformUtils.obj
 0001:000023c0       ?lockMutex@XMLPlatformUtils@xercesc_2_2@@SAXQAX@Z 120033c0 f   Win32PlatformUtils.obj
 0001:000023d0       ?makeMutex@XMLPlatformUtils@xercesc_2_2@@SAPAXXZ 120033d0 f   Win32PlatformUtils.obj
 0001:000023f0       ?unlockMutex@XMLPlatformUtils@xercesc_2_2@@SAXQAX@Z 120033f0 f   Win32PlatformUtils.obj
 0001:00002400       ?compareAndSwap@XMLPlatformUtils@xercesc_2_2@@SAPAXPAPAXQBX1@Z 12003400 f   Win32PlatformUtils.obj
 0001:00002420       ?atomicIncrement@XMLPlatformUtils@xercesc_2_2@@SAHAAH@Z 12003420 f   Win32PlatformUtils.obj
 0001:00002430       ?atomicDecrement@XMLPlatformUtils@xercesc_2_2@@SAHAAH@Z 12003430 f   Win32PlatformUtils.obj
 0001:00002440       ?makeNetAccessor@XMLPlatformUtils@xercesc_2_2@@CAPAVXMLNetAccessor@2@XZ 12003440 f   Win32PlatformUtils.obj
 0001:000024a0       ?loadAMsgSet@XMLPlatformUtils@xercesc_2_2@@CAPAVXMLMsgLoader@2@QBG@Z 120034a0 f   Win32PlatformUtils.obj
 0001:00002500       ?makeTransService@XMLPlatformUtils@xercesc_2_2@@CAPAVXMLTransService@2@XZ 12003500 f   Win32PlatformUtils.obj
 0001:00002560       ?platformInit@XMLPlatformUtils@xercesc_2_2@@CAXXZ 12003560 f   Win32PlatformUtils.obj
 0001:00002590       _DllMain@12                12003590 f   Win32MsgLoader.obj
 0001:000025b0       ??0Win32MsgLoader@xercesc_2_2@@QAE@QBG@Z 120035b0 f   Win32MsgLoader.obj
 0001:000027d0       ??_EWin32MsgLoader@xercesc_2_2@@UAEPAXI@Z 120037d0 f i Win32MsgLoader.obj
 0001:00002830       ??1Win32MsgLoader@xercesc_2_2@@UAE@XZ 12003830 f   Win32MsgLoader.obj
 0001:00002880       ?loadMsg@Win32MsgLoader@xercesc_2_2@@UAE_NIQAGI@Z 12003880 f   Win32MsgLoader.obj
 0001:00002930       ?loadMsg@Win32MsgLoader@xercesc_2_2@@UAE_NIQAGIQBG111@Z 12003930 f   Win32MsgLoader.obj
 0001:00002980       ?loadMsg@Win32MsgLoader@xercesc_2_2@@UAE_NIQAGIQBD111@Z 12003980 f   Win32MsgLoader.obj
 0001:00002a50       ??0TranscodingException@xercesc_2_2@@QAE@QBDIW4Codes@XMLExcepts@1@@Z 12003a50 f i Win32TransService.obj
 0001:00002ab0       ??0TranscodingException@xercesc_2_2@@QAE@ABV01@@Z 12003ab0 f i Win32TransService.obj
 0001:00002ad0       ??0TranscodingException@xercesc_2_2@@QAE@QBDIW4Codes@XMLExcepts@1@QBG222@Z 12003ad0 f i Win32TransService.obj
 0001:00002b40       ??0TranscodingException@xercesc_2_2@@QAE@QBDIW4Codes@XMLExcepts@1@0000@Z 12003b40 f i Win32TransService.obj
 0001:00002bb0       ??1TranscodingException@xercesc_2_2@@UAE@XZ 12003bb0 f i Win32TransService.obj
 0001:00002bc0       ?duplicate@TranscodingException@xercesc_2_2@@UBEPAVXMLException@2@XZ 12003bc0 f i Win32TransService.obj
 0001:00002c20       ?getType@TranscodingException@xercesc_2_2@@UBEPBGXZ 12003c20 f i Win32TransService.obj
 0001:00002c30       ??_ETranscodingException@xercesc_2_2@@UAEPAXI@Z 12003c30 f i Win32TransService.obj
 0001:00002c90       ??0Win32TransService@xercesc_2_2@@QAE@XZ 12003c90 f   Win32TransService.obj
 0001:000032f0       ??_EWin32TransService@xercesc_2_2@@UAEPAXI@Z 120042f0 f i Win32TransService.obj
 0001:00003350       ??1Win32TransService@xercesc_2_2@@UAE@XZ 12004350 f   Win32TransService.obj
 0001:00003430       ?compareIString@Win32TransService@xercesc_2_2@@UAEHQBG0@Z 12004430 f   Win32TransService.obj
 0001:00003450       ?compareNIString@Win32TransService@xercesc_2_2@@UAEHQBG0I@Z 12004450 f   Win32TransService.obj
 0001:00003470       ?getId@Win32TransService@xercesc_2_2@@UBEPBGXZ 12004470 f   Win32TransService.obj
 0001:00003480       ?isSpace@Win32TransService@xercesc_2_2@@UBE_NG@Z 12004480 f   Win32TransService.obj
 0001:000034a0       ?makeNewLCPTranscoder@Win32TransService@xercesc_2_2@@UAEPAVXMLLCPTranscoder@2@XZ 120044a0 f   Win32TransService.obj
 0001:000034f0       ?isDocumentImpl@DocumentImpl@xercesc_2_2@@UAE_NXZ 120044f0 f   Win32TransService.obj
 0001:000034f0       ?isTextImpl@TextImpl@xercesc_2_2@@UAE_NXZ 120044f0 f   Win32TransService.obj
 0001:000034f0       ?isDocumentTypeImpl@DocumentTypeImpl@xercesc_2_2@@UAE_NXZ 120044f0 f   Win32TransService.obj
 0001:000034f0       ?supportsSrcOfs@Win32TransService@xercesc_2_2@@UBE_NXZ 120044f0 f   Win32TransService.obj
 0001:000034f0       ?isElementImpl@ElementImpl@xercesc_2_2@@UAE_NXZ 120044f0 f   Win32TransService.obj
 0001:000034f0       ?requiresNamespaces@SchemaValidator@xercesc_2_2@@UBE_NXZ 120044f0 f   Win32TransService.obj
 0001:000034f0       ?isEntityReference@EntityReferenceImpl@xercesc_2_2@@UAE_NXZ 120044f0 f   Win32TransService.obj
 0001:000034f0       ?isCDATASectionImpl@CDATASectionImpl@xercesc_2_2@@UAE_NXZ 120044f0 f   Win32TransService.obj
 0001:000034f0       ?isAttrImpl@AttrImpl@xercesc_2_2@@UAE_NXZ 120044f0 f   Win32TransService.obj
 0001:000034f0       ?isDocumentFragmentImpl@DocumentFragmentImpl@xercesc_2_2@@UAE_NXZ 120044f0 f   Win32TransService.obj
 0001:00003500       ?upperCase@Win32TransService@xercesc_2_2@@UBEXQAG@Z 12004500 f   Win32TransService.obj
 0001:00003510       ?lowerCase@Win32TransService@xercesc_2_2@@UBEXQAG@Z 12004510 f   Win32TransService.obj
 0001:00003520       ?isAlias@Win32TransService@xercesc_2_2@@CA_NQAUHKEY__@@QADI@Z 12004520 f   Win32TransService.obj
 0001:00003550       ?makeNewXMLTranscoder@Win32TransService@xercesc_2_2@@MAEPAVXMLTranscoder@2@QBGAAW4Codes@XMLTransService@2@I@Z 12004550 f   Win32TransService.obj
 0001:000036b0       ??0Win32Transcoder@xercesc_2_2@@QAE@QBGIII@Z 120046b0 f   Win32TransService.obj
 0001:000036e0       ??_EWin32Transcoder@xercesc_2_2@@UAEPAXI@Z 120046e0 f i Win32TransService.obj
 0001:00003740       ??1Win32Transcoder@xercesc_2_2@@UAE@XZ 12004740 f   Win32TransService.obj
 0001:00003750       ?transcodeFrom@Win32Transcoder@xercesc_2_2@@UAEIQBEIQAGIAAIQAE@Z 12004750 f   Win32TransService.obj
 0001:00003880       ?transcodeTo@Win32Transcoder@xercesc_2_2@@UAEIQBGIQAEIAAIW4UnRepOpts@XMLTranscoder@2@@Z 12004880 f   Win32TransService.obj
 0001:00003960       ?canTranscodeTo@Win32Transcoder@xercesc_2_2@@UBE_NI@Z 12004960 f   Win32TransService.obj
 0001:000039e0       ??0Win32LCPTranscoder@xercesc_2_2@@QAE@XZ 120049e0 f   Win32TransService.obj
 0001:00003a00       ??_EWin32LCPTranscoder@xercesc_2_2@@UAEPAXI@Z 12004a00 f i Win32TransService.obj
 0001:00003a60       ??1Win32LCPTranscoder@xercesc_2_2@@UAE@XZ 12004a60 f   Win32TransService.obj
 0001:00003a70       ?calcRequiredSize@Win32LCPTranscoder@xercesc_2_2@@UAEIQBD@Z 12004a70 f   Win32TransService.obj
 0001:00003ad0       ?calcRequiredSize@Win32LCPTranscoder@xercesc_2_2@@UAEIQBG@Z 12004ad0 f   Win32TransService.obj
 0001:00003b00       ?transcode@Win32LCPTranscoder@xercesc_2_2@@UAEPADQBG@Z 12004b00 f   Win32TransService.obj
 0001:00003b80       ?transcode@Win32LCPTranscoder@xercesc_2_2@@UAEPAGQBD@Z 12004b80 f   Win32TransService.obj
 0001:00003c00       ?transcode@Win32LCPTranscoder@xercesc_2_2@@UAE_NQBDQAGI@Z 12004c00 f   Win32TransService.obj
 0001:00003c50       ?transcode@Win32LCPTranscoder@xercesc_2_2@@UAE_NQBGQADI@Z 12004c50 f   Win32TransService.obj
 0001:00003cb0       ?Initialize@BinHTTPURLInputStream@xercesc_2_2@@CAXXZ 12004cb0 f   BinHTTPURLInputStream.obj
 0001:00003f30       ?Cleanup@BinHTTPURLInputStream@xercesc_2_2@@SAXXZ 12004f30 f   BinHTTPURLInputStream.obj
 0001:00003fd0       ?gethostbyname@BinHTTPURLInputStream@xercesc_2_2@@CAPAUhostent@@PBD@Z 12004fd0 f i BinHTTPURLInputStream.obj
 0001:00003fe0       ?inet_addr@BinHTTPURLInputStream@xercesc_2_2@@CAKPBD@Z 12004fe0 f i BinHTTPURLInputStream.obj
 0001:00003ff0       ?gethostbyaddr@BinHTTPURLInputStream@xercesc_2_2@@CAPAUhostent@@PBDHH@Z 12004ff0 f i BinHTTPURLInputStream.obj
 0001:00004010       ?htons@BinHTTPURLInputStream@xercesc_2_2@@CAGG@Z 12005010 f i BinHTTPURLInputStream.obj
 0001:00004020       ?socket@BinHTTPURLInputStream@xercesc_2_2@@CAGHHH@Z 12005020 f i BinHTTPURLInputStream.obj
 0001:00004040       ?connect@BinHTTPURLInputStream@xercesc_2_2@@CAHGPBUsockaddr@@H@Z 12005040 f i BinHTTPURLInputStream.obj
 0001:00004060       ?send@BinHTTPURLInputStream@xercesc_2_2@@CAHGPBDHH@Z 12005060 f i BinHTTPURLInputStream.obj
 0001:00004080       ?recv@BinHTTPURLInputStream@xercesc_2_2@@CAHGPADHH@Z 12005080 f i BinHTTPURLInputStream.obj
 0001:000040a0       ?shutdown@BinHTTPURLInputStream@xercesc_2_2@@CAHIH@Z 120050a0 f i BinHTTPURLInputStream.obj
 0001:000040c0       ?closesocket@BinHTTPURLInputStream@xercesc_2_2@@CAHI@Z 120050c0 f i BinHTTPURLInputStream.obj
 0001:000040d0       ??0BinHTTPURLInputStream@xercesc_2_2@@QAE@ABVXMLURL@1@@Z 120050d0 f   BinHTTPURLInputStream.obj
 0001:000049a0       ??_EBinHTTPURLInputStream@xercesc_2_2@@UAEPAXI@Z 120059a0 f i BinHTTPURLInputStream.obj
 0001:00004a00       ??1BinHTTPURLInputStream@xercesc_2_2@@UAE@XZ 12005a00 f   BinHTTPURLInputStream.obj
 0001:00004a60       ?readBytes@BinHTTPURLInputStream@xercesc_2_2@@UAEIQAEI@Z 12005a60 f   BinHTTPURLInputStream.obj
 0001:00004b00       ??0WinSockNetAccessor@xercesc_2_2@@QAE@XZ 12005b00 f   WinSockNetAccessor.obj
 0001:00004b10       ??_EWinSockNetAccessor@xercesc_2_2@@UAEPAXI@Z 12005b10 f i WinSockNetAccessor.obj
 0001:00004b70       ??1WinSockNetAccessor@xercesc_2_2@@UAE@XZ 12005b70 f   WinSockNetAccessor.obj
 0001:00004bc0       ?makeNew@WinSockNetAccessor@xercesc_2_2@@UAEPAVBinInputStream@2@ABVXMLURL@2@@Z 12005bc0 f   WinSockNetAccessor.obj
 0001:00004c70       ?getOpType@Op@xercesc_2_2@@QBEFXZ 12005c70 f i ASCIIRangeFactory.obj
 0001:00004c70       ?getTokenType@Token@xercesc_2_2@@QBEGXZ 12005c70 f i ASCIIRangeFactory.obj
 0001:00004c80       ?getChild@Token@xercesc_2_2@@UBEPAV12@H@Z 12005c80 f i ASCIIRangeFactory.obj
 0001:00004c90       ?getChar@Token@xercesc_2_2@@UBEHXZ 12005c90 f i ASCIIRangeFactory.obj
 0001:00004c90       ?getMin@Token@xercesc_2_2@@UBEHXZ 12005c90 f i ASCIIRangeFactory.obj
 0001:00004c90       ?getMax@Token@xercesc_2_2@@UBEHXZ 12005c90 f i ASCIIRangeFactory.obj
 0001:00004ca0       ?setTokenType@Token@xercesc_2_2@@QAEXG@Z 12005ca0 f i ASCIIRangeFactory.obj
 0001:00004ca0       ?setOpType@Op@xercesc_2_2@@QAEXF@Z 12005ca0 f i ASCIIRangeFactory.obj
 0001:00004cb0       ?isSet@Token@xercesc_2_2@@AAE_NHI@Z 12005cb0 f i ASCIIRangeFactory.obj
 0001:00004cb0       ?isSet@RegularExpression@xercesc_2_2@@AAE_NHH@Z 12005cb0 f i ASCIIRangeFactory.obj
 0001:00004cd0       ?addChild@Token@xercesc_2_2@@UAEXQAV12@QAVTokenFactory@2@@Z 12005cd0 f i ASCIIRangeFactory.obj
 0001:00004d00       ?addRange@Token@xercesc_2_2@@UAEXHH@Z 12005d00 f i ASCIIRangeFactory.obj
 0001:00004d30       ?mergeRanges@Token@xercesc_2_2@@UAEXQBV12@@Z 12005d30 f i ASCIIRangeFactory.obj
 0001:00004d60       ?sortRanges@Token@xercesc_2_2@@UAEXXZ 12005d60 f i ASCIIRangeFactory.obj
 0001:00004d90       ?compactRanges@Token@xercesc_2_2@@UAEXXZ 12005d90 f i ASCIIRangeFactory.obj
 0001:00004dc0       ?subtractRanges@Token@xercesc_2_2@@UAEXQAVRangeToken@2@@Z 12005dc0 f i ASCIIRangeFactory.obj
 0001:00004df0       ?intersectRanges@Token@xercesc_2_2@@UAEXQAVRangeToken@2@@Z 12005df0 f i ASCIIRangeFactory.obj
 0001:00004e20       ??_FXMLStringPool@xercesc_2_2@@QAEXXZ 12005e20 f i ASCIIRangeFactory.obj
 0001:00004e30       ?getRangeToken@RangeTokenElemMap@xercesc_2_2@@QBEPAVRangeToken@2@_N@Z 12005e30 f i ASCIIRangeFactory.obj
 0001:00004e50       ?setValueStoreCache@FieldActivator@xercesc_2_2@@QAEXQAVValueStoreCache@2@@Z 12005e50 f i ASCIIRangeFactory.obj
 0001:00004e50       ?setId@XMLNotationDecl@xercesc_2_2@@QAEXI@Z 12005e50 f i ASCIIRangeFactory.obj
 0001:00004e50       ?setCategoryId@RangeTokenElemMap@xercesc_2_2@@QAEXI@Z 12005e50 f i ASCIIRangeFactory.obj
 0001:00004e50       ?setSign@XMLBigInteger@xercesc_2_2@@AAEXH@Z 12005e50 f i ASCIIRangeFactory.obj
 0001:00004e50       ?setEscapeFlags@XMLFormatter@xercesc_2_2@@QAEXW4EscapeFlags@12@@Z 12005e50 f i ASCIIRangeFactory.obj
 0001:00004e60       ?setRangeToken@RangeTokenElemMap@xercesc_2_2@@QAEXQAVRangeToken@2@_N@Z 12005e60 f i ASCIIRangeFactory.obj
 0001:00004e80       ??0ASCIIRangeFactory@xercesc_2_2@@QAE@XZ 12005e80 f   ASCIIRangeFactory.obj
 0001:00004ea0       ??_EASCIIRangeFactory@xercesc_2_2@@UAEPAXI@Z 12005ea0 f i ASCIIRangeFactory.obj
 0001:00004f00       ??1ASCIIRangeFactory@xercesc_2_2@@UAE@XZ 12005f00 f   ASCIIRangeFactory.obj
 0001:00004f10       ?buildRanges@ASCIIRangeFactory@xercesc_2_2@@MAEXXZ 12005f10 f   ASCIIRangeFactory.obj
 0001:00005060       ?initializeKeywordMap@ASCIIRangeFactory@xercesc_2_2@@UAEXXZ 12006060 f   ASCIIRangeFactory.obj
 0001:000050d0       ??0BlockRangeFactory@xercesc_2_2@@QAE@XZ 120060d0 f   BlockRangeFactory.obj
 0001:000050f0       ??_EBlockRangeFactory@xercesc_2_2@@UAEPAXI@Z 120060f0 f i BlockRangeFactory.obj
 0001:00005150       ??1BlockRangeFactory@xercesc_2_2@@UAE@XZ 12006150 f   BlockRangeFactory.obj
 0001:00005160       ?buildRanges@BlockRangeFactory@xercesc_2_2@@MAEXXZ 12006160 f   BlockRangeFactory.obj
 0001:00005300       ?initializeKeywordMap@BlockRangeFactory@xercesc_2_2@@UAEXXZ 12006300 f   BlockRangeFactory.obj
 0001:00005340       ?cleanUp@BMPattern@xercesc_2_2@@AAEXXZ 12006340 f i BMPattern.obj
 0001:00005370       ??0BMPattern@xercesc_2_2@@QAE@QBG_N@Z 12006370 f   BMPattern.obj
 0001:00005440       ??0BMPattern@xercesc_2_2@@QAE@QBGH_N@Z 12006440 f   BMPattern.obj
 0001:00005510       ??1BMPattern@xercesc_2_2@@QAE@XZ 12006510 f   BMPattern.obj
 0001:00005540       ?matches@BMPattern@xercesc_2_2@@QAEHQBGHH@Z 12006540 f   BMPattern.obj
 0001:000056e0       ?initialize@BMPattern@xercesc_2_2@@AAEXXZ 120066e0 f   BMPattern.obj
 0001:00005870       ?match@CharToken@xercesc_2_2@@QAE_NH@Z 12006870 f i CharToken.obj
 0001:00005890       ??0CharToken@xercesc_2_2@@QAE@GH@Z 12006890 f   CharToken.obj
 0001:000058b0       ??_ECharToken@xercesc_2_2@@UAEPAXI@Z 120068b0 f i CharToken.obj
 0001:00005910       ??1CharToken@xercesc_2_2@@UAE@XZ 12006910 f   CharToken.obj
 0001:00005920       ?getChild@ClosureToken@xercesc_2_2@@UBEPAVToken@2@H@Z 12006920 f i ClosureToken.obj
 0001:00005920       ?getChild@ModifierToken@xercesc_2_2@@UBEPAVToken@2@H@Z 12006920 f i ClosureToken.obj
 0001:00005930       ??0ClosureToken@xercesc_2_2@@QAE@GQAVToken@1@@Z 12006930 f   ClosureToken.obj
 0001:00005960       ??_EClosureToken@xercesc_2_2@@UAEPAXI@Z 12006960 f i ClosureToken.obj
 0001:000059c0       ??1ClosureToken@xercesc_2_2@@UAE@XZ 120069c0 f   ClosureToken.obj
 0001:000059d0       ?size@ConcatToken@xercesc_2_2@@UBEHXZ 120069d0 f i ConcatToken.obj
 0001:000059e0       ?getChild@ConcatToken@xercesc_2_2@@UBEPAVToken@2@H@Z 120069e0 f i ConcatToken.obj
 0001:00005a00       ??0ConcatToken@xercesc_2_2@@QAE@QAVToken@1@0@Z 12006a00 f   ConcatToken.obj
 0001:00005a30       ??_EConcatToken@xercesc_2_2@@UAEPAXI@Z 12006a30 f i ConcatToken.obj
 0001:00005a90       ??1ConcatToken@xercesc_2_2@@UAE@XZ 12006a90 f   ConcatToken.obj
 0001:00005aa0       ?size@ConditionToken@xercesc_2_2@@UBEHXZ 12006aa0 f i ConditionToken.obj
 0001:00005ab0       ?getChild@ConditionToken@xercesc_2_2@@UBEPAVToken@2@H@Z 12006ab0 f i ConditionToken.obj
 0001:00005b00       ??0ConditionToken@xercesc_2_2@@QAE@IQAVToken@1@00@Z 12006b00 f   ConditionToken.obj
 0001:00005b40       ??_EConditionToken@xercesc_2_2@@UAEPAXI@Z 12006b40 f i ConditionToken.obj
 0001:00005ba0       ??1ConditionToken@xercesc_2_2@@UAE@XZ 12006ba0 f   ConditionToken.obj
 0001:00005bb0       ?getNoGroups@Match@xercesc_2_2@@QBEHXZ 12006bb0 f i Match.obj
 0001:00005bf0       ?getStartPos@Match@xercesc_2_2@@QBEHH@Z 12006bf0 f i Match.obj
 0001:00005c60       ?getEndPos@Match@xercesc_2_2@@QBEHH@Z 12006c60 f i Match.obj
 0001:00005cd0       ?setStartPos@Match@xercesc_2_2@@QAEXHH@Z 12006cd0 f i Match.obj
 0001:00005d40       ?setEndPos@Match@xercesc_2_2@@QAEXHH@Z 12006d40 f i Match.obj
 0001:00005db0       ??0Match@xercesc_2_2@@QAE@XZ 12006db0 f   Match.obj
 0001:00005dd0       ??_EMatch@xercesc_2_2@@UAEPAXI@Z 12006dd0 f i Match.obj
 0001:00005e40       ??0Match@xercesc_2_2@@QAE@ABV01@@Z 12006e40 f   Match.obj
 0001:000060c0       ??4Match@xercesc_2_2@@QAEAAV01@ABV01@@Z 120070c0 f   Match.obj
 0001:00006330       ??1Match@xercesc_2_2@@UAE@XZ 12007330 f   Match.obj
 0001:00006360       ?setNoGroups@Match@xercesc_2_2@@QAEXH@Z 12007360 f   Match.obj
 0001:000063f0       ?initialize@Match@xercesc_2_2@@AAEXABV12@@Z 120073f0 f   Match.obj
 0001:00006660       ?cleanUp@Match@xercesc_2_2@@AAEXXZ 12007660 f   Match.obj
 0001:00006690       ??0ModifierToken@xercesc_2_2@@QAE@QAVToken@1@HH@Z 12007690 f   ModifierToken.obj
 0001:000066c0       ??_EModifierToken@xercesc_2_2@@UAEPAXI@Z 120076c0 f i ModifierToken.obj
 0001:00006720       ??1ModifierToken@xercesc_2_2@@UAE@XZ 12007720 f   ModifierToken.obj
 0001:00006730       ??1ChildOp@xercesc_2_2@@UAE@XZ 12007730 f i Op.obj
 0001:00006730       ??1CharOp@xercesc_2_2@@UAE@XZ 12007730 f i Op.obj
 0001:00006730       ??1ConditionOp@xercesc_2_2@@UAE@XZ 12007730 f i Op.obj
 0001:00006730       ??1RangeOp@xercesc_2_2@@UAE@XZ 12007730 f i Op.obj
 0001:00006730       ??1Op@xercesc_2_2@@UAE@XZ  12007730 f i Op.obj
 0001:00006730       ??1ModifierOp@xercesc_2_2@@UAE@XZ 12007730 f i Op.obj
 0001:00006740       ??0Op@xercesc_2_2@@AAE@ABV01@@Z 12007740 f i Op.obj
 0001:00006770       ??4Op@xercesc_2_2@@AAEXABV01@@Z 12007770 f i Op.obj
 0001:000067a0       ??_EOp@xercesc_2_2@@UAEPAXI@Z 120077a0 f i Op.obj
 0001:00006800       ??1UnionOp@xercesc_2_2@@UAE@XZ 12007800 f i Op.obj
 0001:00006850       ??_EUnionOp@xercesc_2_2@@UAEPAXI@Z 12007850 f i Op.obj
 0001:000068b0       ??_EModifierOp@xercesc_2_2@@UAEPAXI@Z 120078b0 f i Op.obj
 0001:00006910       ??_ECharOp@xercesc_2_2@@UAEPAXI@Z 12007910 f i Op.obj
 0001:00006910       ??_EChildOp@xercesc_2_2@@UAEPAXI@Z 12007910 f i Op.obj
 0001:00006910       ??_ERangeOp@xercesc_2_2@@UAEPAXI@Z 12007910 f i Op.obj
 0001:00006970       ??1StringOp@xercesc_2_2@@UAE@XZ 12007970 f i Op.obj
 0001:000069c0       ??_EStringOp@xercesc_2_2@@UAEPAXI@Z 120079c0 f i Op.obj
 0001:00006a20       ??_EConditionOp@xercesc_2_2@@UAEPAXI@Z 12007a20 f i Op.obj
 0001:00006a80       ??0Op@xercesc_2_2@@IAE@F@Z 12007a80 f   Op.obj
 0001:00006aa0       ?getSize@Op@xercesc_2_2@@UBEHXZ 12007aa0 f   Op.obj
 0001:00006ad0       ?getData@Op@xercesc_2_2@@UBEHXZ 12007ad0 f   Op.obj
 0001:00006b00       ?getData2@Op@xercesc_2_2@@UBEHXZ 12007b00 f   Op.obj
 0001:00006b30       ?getRefNo@Op@xercesc_2_2@@UBEHXZ 12007b30 f   Op.obj
 0001:00006b60       ?elementAt@Op@xercesc_2_2@@UBEPBV12@H@Z 12007b60 f   Op.obj
 0001:00006b90       ?getChild@Op@xercesc_2_2@@UBEPBV12@XZ 12007b90 f   Op.obj
 0001:00006bc0       ?getConditionFlow@Op@xercesc_2_2@@UBEPBV12@XZ 12007bc0 f   Op.obj
 0001:00006bf0       ?getYesFlow@Op@xercesc_2_2@@UBEPBV12@XZ 12007bf0 f   Op.obj
 0001:00006c20       ?getNoFlow@Op@xercesc_2_2@@UBEPBV12@XZ 12007c20 f   Op.obj
 0001:00006c50       ?getLiteral@Op@xercesc_2_2@@UBEPBGXZ 12007c50 f   Op.obj
 0001:00006c80       ?getToken@Op@xercesc_2_2@@UBEPBVToken@2@XZ 12007c80 f   Op.obj
 0001:00006cb0       ??0CharOp@xercesc_2_2@@QAE@FH@Z 12007cb0 f   Op.obj
 0001:00006ce0       ??0UnionOp@xercesc_2_2@@QAE@FH@Z 12007ce0 f   Op.obj
 0001:00006da0       ?getSize@UnionOp@xercesc_2_2@@UBEHXZ 12007da0 f   Op.obj
 0001:00006db0       ?elementAt@UnionOp@xercesc_2_2@@UBEPBVOp@2@H@Z 12007db0 f   Op.obj
 0001:00006e00       ?addElement@UnionOp@xercesc_2_2@@QAEXQAVOp@2@@Z 12007e00 f   Op.obj
 0001:00006e90       ??0ChildOp@xercesc_2_2@@QAE@F@Z 12007e90 f   Op.obj
 0001:00006eb0       ?setChild@ChildOp@xercesc_2_2@@QAEXQBVOp@2@@Z 12007eb0 f   Op.obj
 0001:00006ec0       ??0ModifierOp@xercesc_2_2@@QAE@FHH@Z 12007ec0 f   Op.obj
 0001:00006ef0       ?getRoot@DOMTreeWalkerImpl@xercesc_2_2@@UAEPAVDOMNode@2@XZ 12007ef0 f   Op.obj
 0001:00006ef0       ?getConditionFlow@ConditionOp@xercesc_2_2@@UBEPBVOp@2@XZ 12007ef0 f   Op.obj
 0001:00006ef0       ?getFilter@NodeIteratorImpl@xercesc_2_2@@QAEPAVDOM_NodeFilter@2@XZ 12007ef0 f   Op.obj
 0001:00006ef0       ?getPublicId@DOMNotationImpl@xercesc_2_2@@UBEPBGXZ 12007ef0 f   Op.obj
 0001:00006ef0       ?getPublicId@SAXParseException@xercesc_2_2@@QBEPBGXZ 12007ef0 f   Op.obj
 0001:00006ef0       ?getData@ModifierOp@xercesc_2_2@@UBEHXZ 12007ef0 f   Op.obj
 0001:00006ef0       ?getErrorHandler@DOMWriterImpl@xercesc_2_2@@UBEPAVDOMErrorHandler@2@XZ 12007ef0 f   Op.obj
 0001:00006ef0       ?getFilter@DOMNodeIteratorImpl@xercesc_2_2@@UAEPAVDOMNodeFilter@2@XZ 12007ef0 f   Op.obj
 0001:00006f00       ?getChild@CMUnaryOp@xercesc_2_2@@QAEPAVCMNode@2@XZ 12007f00 f   Op.obj
 0001:00006f00       ?getYesFlow@ConditionOp@xercesc_2_2@@UBEPBVOp@2@XZ 12007f00 f   Op.obj
 0001:00006f00       ?getData2@ModifierOp@xercesc_2_2@@UBEHXZ 12007f00 f   Op.obj
 0001:00006f00       ?getLeft@CMBinaryOp@xercesc_2_2@@QAEPAVCMNode@2@XZ 12007f00 f   Op.obj
 0001:00006f00       ?getSystemId@SAXParseException@xercesc_2_2@@QBEPBGXZ 12007f00 f   Op.obj
 0001:00006f00       ?getURI@CMAny@xercesc_2_2@@QBEIXZ 12007f00 f   Op.obj
 0001:00006f00       ?getNextSibling@ChildNode@xercesc_2_2@@UAEPAVNodeImpl@2@XZ 12007f00 f   Op.obj
 0001:00006f00       ?getFilter@DOMWriterImpl@xercesc_2_2@@UBEPAVDOMWriterFilter@2@XZ 12007f00 f   Op.obj
 0001:00006f00       ?getAttributes@ElementDefinitionImpl@xercesc_2_2@@UAEPAVNamedNodeMapImpl@2@XZ 12007f00 f   Op.obj
 0001:00006f00       ?getEndOffset@RangeImpl@xercesc_2_2@@QBEIXZ 12007f00 f   Op.obj
 0001:00006f00       ?getSystemId@DOMNotationImpl@xercesc_2_2@@UBEPBGXZ 12007f00 f   Op.obj
 0001:00006f10       ??0RangeOp@xercesc_2_2@@QAE@FQBVToken@1@@Z 12007f10 f   Op.obj
 0001:00006f40       ??0StringOp@xercesc_2_2@@QAE@FQBG@Z 12007f40 f   Op.obj
 0001:00006fe0       ??0ConditionOp@xercesc_2_2@@QAE@FHQBVOp@1@00@Z 12007fe0 f   Op.obj
 0001:00007020       ?getSign@XMLAbstractDoubleFloat@xercesc_2_2@@UBEHXZ 12008020 f   Op.obj
 0001:00007020       ?getNoFlow@ConditionOp@xercesc_2_2@@UBEPBVOp@2@XZ 12008020 f   Op.obj
 0001:00007020       ?getDocument@ParentNode@xercesc_2_2@@UAEPAVDocumentImpl@2@XZ 12008020 f   Op.obj
 0001:00007020       ?getPosition@CMAny@xercesc_2_2@@QBEIXZ 12008020 f   Op.obj
 0001:00007020       ?getRight@CMBinaryOp@xercesc_2_2@@QAEPAVCMNode@2@XZ 12008020 f   Op.obj
 0001:00007020       ?getDocument@DOMRangeImpl@xercesc_2_2@@QAEPAVDOMDocument@2@XZ 12008020 f   Op.obj
 0001:00007020       ?getOwnerDocument@ParentNode@xercesc_2_2@@UAEPAVDocumentImpl@2@XZ 12008020 f   Op.obj
 0001:00007020       ?getBaseURI@DOMNotationImpl@xercesc_2_2@@UBEPBGXZ 12008020 f   Op.obj
 0001:00007030       ??_E?$RefVectorOf@VOp@xercesc_2_2@@@xercesc_2_2@@UAEPAXI@Z 12008030 f i Op.obj
 0001:00007030       ??_G?$RefVectorOf@VOp@xercesc_2_2@@@xercesc_2_2@@UAEPAXI@Z 12008030 f i Op.obj
 0001:00007050       ??1?$RefVectorOf@VOp@xercesc_2_2@@@xercesc_2_2@@UAE@XZ 12008050 f i Op.obj
 0001:000070d0       ??1?$BaseRefVectorOf@VOp@xercesc_2_2@@@xercesc_2_2@@UAE@XZ 120080d0 f i Op.obj
 0001:000070e0       ?reset@OpFactory@xercesc_2_2@@QAEXXZ 120080e0 f i OpFactory.obj
 0001:00007120       ??0OpFactory@xercesc_2_2@@QAE@XZ 12008120 f   OpFactory.obj
 0001:000071d0       ??1OpFactory@xercesc_2_2@@QAE@XZ 120081d0 f   OpFactory.obj
 0001:000071f0       ?createDotOp@OpFactory@xercesc_2_2@@QAEPAVOp@2@XZ 120081f0 f   OpFactory.obj
 0001:000072d0       ?createCharOp@OpFactory@xercesc_2_2@@QAEPAVCharOp@2@H@Z 120082d0 f   OpFactory.obj
 0001:000073b0       ?createAnchorOp@OpFactory@xercesc_2_2@@QAEPAVCharOp@2@H@Z 120083b0 f   OpFactory.obj
 0001:00007490       ?createCaptureOp@OpFactory@xercesc_2_2@@QAEPAVCharOp@2@HQBVOp@2@@Z 12008490 f   OpFactory.obj
 0001:00007580       ?createUnionOp@OpFactory@xercesc_2_2@@QAEPAVUnionOp@2@H@Z 12008580 f   OpFactory.obj
 0001:00007660       ?createClosureOp@OpFactory@xercesc_2_2@@QAEPAVChildOp@2@H@Z 12008660 f   OpFactory.obj
 0001:00007740       ?createNonGreedyClosureOp@OpFactory@xercesc_2_2@@QAEPAVChildOp@2@XZ 12008740 f   OpFactory.obj
 0001:00007820       ?createQuestionOp@OpFactory@xercesc_2_2@@QAEPAVChildOp@2@_N@Z 12008820 f   OpFactory.obj
 0001:00007910       ?createRangeOp@OpFactory@xercesc_2_2@@QAEPAVRangeOp@2@QBVToken@2@@Z 12008910 f   OpFactory.obj
 0001:000079f0       ?createLookOp@OpFactory@xercesc_2_2@@QAEPAVChildOp@2@FQBVOp@2@0@Z 120089f0 f   OpFactory.obj
 0001:00007af0       ?createBackReferenceOp@OpFactory@xercesc_2_2@@QAEPAVCharOp@2@H@Z 12008af0 f   OpFactory.obj
 0001:00007bd0       ?createStringOp@OpFactory@xercesc_2_2@@QAEPAVStringOp@2@QBG@Z 12008bd0 f   OpFactory.obj
 0001:00007cb0       ?createIndependentOp@OpFactory@xercesc_2_2@@QAEPAVChildOp@2@QBVOp@2@0@Z 12008cb0 f   OpFactory.obj
 0001:00007db0       ?createModifierOp@OpFactory@xercesc_2_2@@QAEPAVModifierOp@2@QBVOp@2@0HH@Z 12008db0 f   OpFactory.obj
 0001:00007e30       ?createConditionOp@OpFactory@xercesc_2_2@@QAEPAVConditionOp@2@QBVOp@2@H000@Z 12008e30 f   OpFactory.obj
 0001:00007eb0       ?getChild@ParenToken@xercesc_2_2@@UBEPAVToken@2@H@Z 12008eb0 f i ParenToken.obj
 0001:00007ec0       ??0ParenToken@xercesc_2_2@@QAE@GQAVToken@1@H@Z 12008ec0 f   ParenToken.obj
 0001:00007ef0       ??_EParenToken@xercesc_2_2@@UAEPAXI@Z 12008ef0 f i ParenToken.obj
 0001:00007f50       ??1ParenToken@xercesc_2_2@@UAE@XZ 12008f50 f   ParenToken.obj
 0001:00007f60       ?getParseContext@RegxParser@xercesc_2_2@@QBEGXZ 12008f60 f i ParserForXMLSchema.obj
 0001:00007f70       ?getState@RegxParser@xercesc_2_2@@QBEGXZ 12008f70 f i ParserForXMLSchema.obj
 0001:00007f80       ?setParseContext@RegxParser@xercesc_2_2@@QAEXG@Z 12008f80 f i ParserForXMLSchema.obj
 0001:00007f90       ?isSet@RegxParser@xercesc_2_2@@AAE_NH@Z 12008f90 f i ParserForXMLSchema.obj
 0001:00007fb0       ?hexChar@RegxParser@xercesc_2_2@@AAEHH@Z 12008fb0 f i ParserForXMLSchema.obj
 0001:00007ff0       ?size@UnionToken@xercesc_2_2@@UBEHXZ 12008ff0 f i ParserForXMLSchema.obj
 0001:00008000       ?getMatcherAt@XPathMatcherStack@xercesc_2_2@@QBEPAVXPathMatcher@2@I@Z 12009000 f i ParserForXMLSchema.obj
 0001:00008000       ?getChild@UnionToken@xercesc_2_2@@UBEPAVToken@2@H@Z 12009000 f i ParserForXMLSchema.obj
 0001:00008050       ??0ParseException@xercesc_2_2@@QAE@QBDIW4Codes@XMLExcepts@1@@Z 12009050 f i ParserForXMLSchema.obj
 0001:000080b0       ??0ParseException@xercesc_2_2@@QAE@ABV01@@Z 120090b0 f i ParserForXMLSchema.obj
 0001:000080d0       ??0ParseException@xercesc_2_2@@QAE@QBDIW4Codes@XMLExcepts@1@QBG222@Z 120090d0 f i ParserForXMLSchema.obj
 0001:00008140       ??0ParseException@xercesc_2_2@@QAE@QBDIW4Codes@XMLExcepts@1@0000@Z 12009140 f i ParserForXMLSchema.obj
 0001:000081b0       ??1ParseException@xercesc_2_2@@UAE@XZ 120091b0 f i ParserForXMLSchema.obj
 0001:000081c0       ??4IOException@xercesc_2_2@@QAEAAV01@ABV01@@Z 120091c0 f i ParserForXMLSchema.obj
 0001:000081c0       ??4SchemaDateTimeException@xercesc_2_2@@QAEAAV01@ABV01@@Z 120091c0 f i ParserForXMLSchema.obj
 0001:000081c0       ??4RuntimeException@xercesc_2_2@@QAEAAV01@ABV01@@Z 120091c0 f i ParserForXMLSchema.obj
 0001:000081c0       ??4UnsupportedEncodingException@xercesc_2_2@@QAEAAV01@ABV01@@Z 120091c0 f i ParserForXMLSchema.obj
 0001:000081c0       ??4EmptyStackException@xercesc_2_2@@QAEAAV01@ABV01@@Z 120091c0 f i ParserForXMLSchema.obj
 0001:000081c0       ??4InvalidCastException@xercesc_2_2@@QAEAAV01@ABV01@@Z 120091c0 f i ParserForXMLSchema.obj
 0001:000081c0       ??4XMLPlatformUtilsException@xercesc_2_2@@QAEAAV01@ABV01@@Z 120091c0 f i ParserForXMLSchema.obj
 0001:000081c0       ??4InvalidDatatypeFacetException@xercesc_2_2@@QAEAAV01@ABV01@@Z 120091c0 f i ParserForXMLSchema.obj
 0001:000081c0       ??4IllegalArgumentException@xercesc_2_2@@QAEAAV01@ABV01@@Z 120091c0 f i ParserForXMLSchema.obj
 0001:000081c0       ??4UnexpectedEOFException@xercesc_2_2@@QAEAAV01@ABV01@@Z 120091c0 f i ParserForXMLSchema.obj
 0001:000081c0       ??4XPathException@xercesc_2_2@@QAEAAV01@ABV01@@Z 120091c0 f i ParserForXMLSchema.obj
 0001:000081c0       ??4InvalidDatatypeValueException@xercesc_2_2@@QAEAAV01@ABV01@@Z 120091c0 f i ParserForXMLSchema.obj
 0001:000081c0       ??4NullPointerException@xercesc_2_2@@QAEAAV01@ABV01@@Z 120091c0 f i ParserForXMLSchema.obj
 0001:000081c0       ??4TranscodingException@xercesc_2_2@@QAEAAV01@ABV01@@Z 120091c0 f i ParserForXMLSchema.obj
 0001:000081c0       ??4ParseException@xercesc_2_2@@QAEAAV01@ABV01@@Z 120091c0 f i ParserForXMLSchema.obj
 0001:000081c0       ??4NoSuchElementException@xercesc_2_2@@QAEAAV01@ABV01@@Z 120091c0 f i ParserForXMLSchema.obj
 0001:000081c0       ??4NumberFormatException@xercesc_2_2@@QAEAAV01@ABV01@@Z 120091c0 f i ParserForXMLSchema.obj
 0001:000081c0       ??4ArrayIndexOutOfBoundsException@xercesc_2_2@@QAEAAV01@ABV01@@Z 120091c0 f i ParserForXMLSchema.obj
 0001:000081c0       ??4NetAccessorException@xercesc_2_2@@QAEAAV01@ABV01@@Z 120091c0 f i ParserForXMLSchema.obj
 0001:000081c0       ??4UTFDataFormatException@xercesc_2_2@@QAEAAV01@ABV01@@Z 120091c0 f i ParserForXMLSchema.obj
 0001:000081c0       ??4MalformedURLException@xercesc_2_2@@QAEAAV01@ABV01@@Z 120091c0 f i ParserForXMLSchema.obj
 0001:000081e0       ?duplicate@ParseException@xercesc_2_2@@UBEPAVXMLException@2@XZ 120091e0 f i ParserForXMLSchema.obj
 0001:00008240       ?getType@ParseException@xercesc_2_2@@UBEPBGXZ 12009240 f i ParserForXMLSchema.obj
 0001:00008250       ??_EParseException@xercesc_2_2@@UAEPAXI@Z 12009250 f i ParserForXMLSchema.obj
 0001:000082b0       ??0ParserForXMLSchema@xercesc_2_2@@QAE@XZ 120092b0 f   ParserForXMLSchema.obj
 0001:000082d0       ??_EParserForXMLSchema@xercesc_2_2@@UAEPAXI@Z 120092d0 f i ParserForXMLSchema.obj
 0001:00008330       ??1ParserForXMLSchema@xercesc_2_2@@UAE@XZ 12009330 f   ParserForXMLSchema.obj
 0001:00008340       ?processCaret@ParserForXMLSchema@xercesc_2_2@@MAEPAVToken@2@XZ 12009340 f   ParserForXMLSchema.obj
 0001:00008360       ?processDollar@ParserForXMLSchema@xercesc_2_2@@MAEPAVToken@2@XZ 12009360 f   ParserForXMLSchema.obj
 0001:00008380       ?processPlus@ParserForXMLSchema@xercesc_2_2@@MAEPAVToken@2@QAV32@@Z 12009380 f   ParserForXMLSchema.obj
 0001:000083b0       ?processStar@ParserForXMLSchema@xercesc_2_2@@MAEPAVToken@2@QAV32@@Z 120093b0 f   ParserForXMLSchema.obj
 0001:000083d0       ?processQuestion@ParserForXMLSchema@xercesc_2_2@@MAEPAVToken@2@QAV32@@Z 120093d0 f   ParserForXMLSchema.obj
 0001:00008410       ?processParen@ParserForXMLSchema@xercesc_2_2@@MAEPAVToken@2@XZ 12009410 f   ParserForXMLSchema.obj
 0001:00008470       ?parseCharacterClass@ParserForXMLSchema@xercesc_2_2@@MAEPAVRangeToken@2@_N@Z 12009470 f   ParserForXMLSchema.obj
 0001:000088c0       ?processCInCharacterClass@ParserForXMLSchema@xercesc_2_2@@MAEHQAVRangeToken@2@H@Z 120098c0 f   ParserForXMLSchema.obj
 0001:000088e0       ?processLook@ParserForXMLSchema@xercesc_2_2@@MAEPAVToken@2@G@Z 120098e0 f   ParserForXMLSchema.obj
 0001:00008910       ?processBacksolidus_A@ParserForXMLSchema@xercesc_2_2@@MAEPAVToken@2@XZ 12009910 f   ParserForXMLSchema.obj
 0001:00008940       ?processBacksolidus_B@ParserForXMLSchema@xercesc_2_2@@MAEPAVToken@2@XZ 12009940 f   ParserForXMLSchema.obj
 0001:00008970       ?processBacksolidus_b@ParserForXMLSchema@xercesc_2_2@@MAEPAVToken@2@XZ 12009970 f   ParserForXMLSchema.obj
 0001:000089a0       ?processBacksolidus_C@ParserForXMLSchema@xercesc_2_2@@MAEPAVToken@2@XZ 120099a0 f   ParserForXMLSchema.obj
 0001:000089c0       ?processBacksolidus_c@ParserForXMLSchema@xercesc_2_2@@MAEPAVToken@2@XZ 120099c0 f   ParserForXMLSchema.obj
 0001:000089e0       ?processBacksolidus_g@ParserForXMLSchema@xercesc_2_2@@MAEPAVToken@2@XZ 120099e0 f   ParserForXMLSchema.obj
 0001:00008a10       ?processBacksolidus_gt@ParserForXMLSchema@xercesc_2_2@@MAEPAVToken@2@XZ 12009a10 f   ParserForXMLSchema.obj
 0001:00008a40       ?processBacksolidus_I@ParserForXMLSchema@xercesc_2_2@@MAEPAVToken@2@XZ 12009a40 f   ParserForXMLSchema.obj
 0001:00008a60       ?processBacksolidus_i@ParserForXMLSchema@xercesc_2_2@@MAEPAVToken@2@XZ 12009a60 f   ParserForXMLSchema.obj
 0001:00008a80       ?processBacksolidus_lt@ParserForXMLSchema@xercesc_2_2@@MAEPAVToken@2@XZ 12009a80 f   ParserForXMLSchema.obj
 0001:00008ab0       ?processBacksolidus_X@ParserForXMLSchema@xercesc_2_2@@MAEPAVToken@2@XZ 12009ab0 f   ParserForXMLSchema.obj
 0001:00008ae0       ?processBacksolidus_Z@ParserForXMLSchema@xercesc_2_2@@MAEPAVToken@2@XZ 12009ae0 f   ParserForXMLSchema.obj
 0001:00008b10       ?processBacksolidus_z@ParserForXMLSchema@xercesc_2_2@@MAEPAVToken@2@XZ 12009b10 f   ParserForXMLSchema.obj
 0001:00008b40       ?processBackReference@ParserForXMLSchema@xercesc_2_2@@MAEPAVToken@2@XZ 12009b40 f   ParserForXMLSchema.obj
 0001:00008b70       ?processCondition@ParserForXMLSchema@xercesc_2_2@@MAEPAVToken@2@XZ 12009b70 f   ParserForXMLSchema.obj
 0001:00008ba0       ?processIndependent@ParserForXMLSchema@xercesc_2_2@@MAEPAVToken@2@XZ 12009ba0 f   ParserForXMLSchema.obj
 0001:00008bd0       ?processModifiers@ParserForXMLSchema@xercesc_2_2@@MAEPAVToken@2@XZ 12009bd0 f   ParserForXMLSchema.obj
 0001:00008c00       ?processParen2@ParserForXMLSchema@xercesc_2_2@@MAEPAVToken@2@XZ 12009c00 f   ParserForXMLSchema.obj
 0001:00008c30       ?parseSetOperations@ParserForXMLSchema@xercesc_2_2@@MAEPAVRangeToken@2@XZ 12009c30 f   ParserForXMLSchema.obj
 0001:00008c60       ?getTokenForShorthand@ParserForXMLSchema@xercesc_2_2@@MAEPAVToken@2@H@Z 12009c60 f   ParserForXMLSchema.obj
 0001:00008da0       ?checkQuestion@ParserForXMLSchema@xercesc_2_2@@MAE_NH@Z 12009da0 f   ParserForXMLSchema.obj
 0001:00008db0       ?decodeEscaped@ParserForXMLSchema@xercesc_2_2@@MAEHXZ 12009db0 f   ParserForXMLSchema.obj
 0001:00008ed0       ??0RangeFactory@xercesc_2_2@@IAE@XZ 12009ed0 f   RangeFactory.obj
 0001:00008ee0       ??_ERangeFactory@xercesc_2_2@@UAEPAXI@Z 12009ee0 f i RangeFactory.obj
 0001:00008f40       ??1RangeFactory@xercesc_2_2@@UAE@XZ 12009f40 f   RangeFactory.obj
 0001:00008f50       ??0RangeToken@xercesc_2_2@@QAE@G@Z 12009f50 f   RangeToken.obj
 0001:00008f90       ??_ERangeToken@xercesc_2_2@@UAEPAXI@Z 12009f90 f i RangeToken.obj
 0001:00008ff0       ??1RangeToken@xercesc_2_2@@UAE@XZ 12009ff0 f   RangeToken.obj
 0001:00009050       ?getCaseInsensitiveToken@RangeToken@xercesc_2_2@@QAEPAV12@QAVTokenFactory@2@@Z 1200a050 f   RangeToken.obj
 0001:00009090       ?setRangeValues@RangeToken@xercesc_2_2@@QAEXQAHI@Z 1200a090 f   RangeToken.obj
 0001:000090e0       ?addRange@RangeToken@xercesc_2_2@@UAEXHH@Z 1200a0e0 f   RangeToken.obj
 0001:00009210       ?sortRanges@RangeToken@xercesc_2_2@@UAEXXZ 1200a210 f   RangeToken.obj
 0001:000092c0       ?compactRanges@RangeToken@xercesc_2_2@@UAEXXZ 1200a2c0 f   RangeToken.obj
 0001:000093a0       ?mergeRanges@RangeToken@xercesc_2_2@@UAEXQBVToken@2@@Z 1200a3a0 f   RangeToken.obj
 0001:00009580       ?subtractRanges@RangeToken@xercesc_2_2@@UAEXQAV12@@Z 1200a580 f   RangeToken.obj
 0001:00009720       ?intersectRanges@RangeToken@xercesc_2_2@@UAEXQAV12@@Z 1200a720 f   RangeToken.obj
 0001:00009880       ?complementRanges@RangeToken@xercesc_2_2@@SAPAVToken@2@QAV12@QAVTokenFactory@2@@Z 1200a880 f   RangeToken.obj
 0001:00009950       ?match@RangeToken@xercesc_2_2@@QAE_NH@Z 1200a950 f   RangeToken.obj
 0001:00009a50       ?expand@RangeToken@xercesc_2_2@@AAEXI@Z 1200aa50 f   RangeToken.obj
 0001:00009ae0       ?createMap@RangeToken@xercesc_2_2@@AAEXXZ 1200aae0 f   RangeToken.obj
 0001:00009b80       ??0RangeTokenElemMap@xercesc_2_2@@QAE@I@Z 1200ab80 f   RangeTokenMap.obj
 0001:00009ba0       ??0RangeTokenMap@xercesc_2_2@@IAE@XZ 1200aba0 f   RangeTokenMap.obj
 0001:00009bd0       ??_ERangeTokenMap@xercesc_2_2@@UAEPAXI@Z 1200abd0 f i RangeTokenMap.obj
 0001:00009c30       ??1RangeTokenMap@xercesc_2_2@@UAE@XZ 1200ac30 f   RangeTokenMap.obj
 0001:00009db0       ?getRange@RangeTokenMap@xercesc_2_2@@IAEPAVRangeToken@2@QBG_N@Z 1200adb0 f   RangeTokenMap.obj
 0001:00009f30       ?addCategory@RangeTokenMap@xercesc_2_2@@QAEXQBG@Z 1200af30 f   RangeTokenMap.obj
 0001:00009f50       ?addRangeMap@RangeTokenMap@xercesc_2_2@@QAEXQBGQAVRangeFactory@2@@Z 1200af50 f   RangeTokenMap.obj
 0001:00009f70       ?addKeywordMap@RangeTokenMap@xercesc_2_2@@QAEXQBG0@Z 1200af70 f   RangeTokenMap.obj
 0001:0000a190       ?setRangeToken@RangeTokenMap@xercesc_2_2@@QAEXQBGQAVRangeToken@2@_N@Z 1200b190 f   RangeTokenMap.obj
 0001:0000a2d0       ?initializeRegistry@RangeTokenMap@xercesc_2_2@@AAEXXZ 1200b2d0 f   RangeTokenMap.obj
 0001:0000a480       ?instance@RangeTokenMap@xercesc_2_2@@SAPAV12@XZ 1200b480 f   RangeTokenMap.obj
 0001:0000a5b0       ?reinitInstance@RangeTokenMap@xercesc_2_2@@SAXXZ 1200b5b0 f   RangeTokenMap.obj
 0001:0000a5d0       ?put@?$RefHashTableOf@VRangeFactory@xercesc_2_2@@@xercesc_2_2@@QAEXPAXQAVRangeFactory@2@@Z 1200b5d0 f i RangeTokenMap.obj
 0001:0000a6d0       ??4Context@RegularExpression@xercesc_2_2@@QAEAAV012@ABV012@@Z 1200b6d0 f i RegularExpression.obj
 0001:0000a6f0       ?cleanUp@RegularExpression@xercesc_2_2@@AAEXXZ 1200b6f0 f i RegularExpression.obj
 0001:0000a780       ?compileLook@RegularExpression@xercesc_2_2@@AAEPAVOp@2@QBVToken@2@QBV32@_NG@Z 1200b780 f i RegularExpression.obj
 0001:0000a870       ?compileSingle@RegularExpression@xercesc_2_2@@AAEPAVOp@2@QBVToken@2@QAV32@G@Z 1200b870 f i RegularExpression.obj
 0001:0000a950       ?compileUnion@RegularExpression@xercesc_2_2@@AAEPAVOp@2@QBVToken@2@QAV32@_N@Z 1200b950 f i RegularExpression.obj
 0001:0000a9b0       ?compileCondition@RegularExpression@xercesc_2_2@@AAEPAVOp@2@QBVToken@2@QAV32@_N@Z 1200b9b0 f i RegularExpression.obj
 0001:0000aa50       ?compileParenthesis@RegularExpression@xercesc_2_2@@AAEPAVOp@2@QBVToken@2@QAV32@_N@Z 1200ba50 f i RegularExpression.obj
 0001:0000ab20       ?compileConcat@RegularExpression@xercesc_2_2@@AAEPAVOp@2@QBVToken@2@QAV32@_N@Z 1200bb20 f i RegularExpression.obj
 0001:0000aba0       ?compileClosure@RegularExpression@xercesc_2_2@@AAEPAVOp@2@QBVToken@2@QAV32@_NG@Z 1200bba0 f i RegularExpression.obj
 0001:0000acd0       ?matchUnion@RegularExpression@xercesc_2_2@@AAEHQAVContext@12@QBVOp@2@HF@Z 1200bcd0 f i RegularExpression.obj
 0001:0000ad30       ?matchModifier@RegularExpression@xercesc_2_2@@AAEHQAVContext@12@QBVOp@2@HF@Z 1200bd30 f i RegularExpression.obj
 0001:0000ad80       ?getWordType@RegularExpression@xercesc_2_2@@AAEGQBGHHH@Z 1200bd80 f i RegularExpression.obj
 0001:0000adb0       ?getPreviousWordType@RegularExpression@xercesc_2_2@@AAEGQBGHHH@Z 1200bdb0 f i RegularExpression.obj
 0001:0000ae20       ?matchIgnoreCase@RegularExpression@xercesc_2_2@@AAE_NHH@Z 1200be20 f i RegularExpression.obj
 0001:0000ae40       ?isEOLChar@RegxUtil@xercesc_2_2@@SA_NG@Z 1200be40 f i RegularExpression.obj
 0001:0000ae70       ?composeFromSurrogate@RegxUtil@xercesc_2_2@@SAHGG@Z 1200be70 f i RegularExpression.obj
 0001:0000ae90       ?isLowSurrogate@RegxUtil@xercesc_2_2@@SA_NG@Z 1200be90 f i RegularExpression.obj
 0001:0000aeb0       ?isHighSurrogate@RegxUtil@xercesc_2_2@@SA_NG@Z 1200beb0 f i RegularExpression.obj
 0001:0000aed0       ?isWordChar@RegxUtil@xercesc_2_2@@SA_NG@Z 1200bed0 f i RegularExpression.obj
 0001:0000af10       ??0XMLBuffer@xercesc_2_2@@QAE@H@Z 1200bf10 f i RegularExpression.obj
 0001:0000af50       ??1XMLBuffer@xercesc_2_2@@QAE@XZ 1200bf50 f i RegularExpression.obj
 0001:0000af60       ?append@XMLBuffer@xercesc_2_2@@QAEXG@Z 1200bf60 f i RegularExpression.obj
 0001:0000af90       ?getRawBuffer@XMLBuffer@xercesc_2_2@@QAEPAGXZ 1200bf90 f i RegularExpression.obj
 0001:0000af90       ?getRawBuffer@XMLBuffer@xercesc_2_2@@QBEPBGXZ 1200bf90 f i RegularExpression.obj
 0001:0000afa0       ?reset@XMLBuffer@xercesc_2_2@@QAEXXZ 1200bfa0 f i RegularExpression.obj
 0001:0000afb0       ?hasDefaults@DOMAttrMapImpl@xercesc_2_2@@UAE_NXZ 1200bfb0 f i RegularExpression.obj
 0001:0000afb0       ?getInUse@XMLBuffer@xercesc_2_2@@QBE_NXZ 1200bfb0 f i RegularExpression.obj
 0001:0000afb0       ?getDoValidation@XMLScanner@xercesc_2_2@@QBE_NXZ 1200bfb0 f i RegularExpression.obj
 0001:0000afc0       ?isEmpty@XMLBuffer@xercesc_2_2@@QBE_NXZ 1200bfc0 f i RegularExpression.obj
 0001:0000afd0       ?hasDefaults@DOMAttrMapImpl@xercesc_2_2@@UAEX_N@Z 1200bfd0 f i RegularExpression.obj
 0001:0000afd0       ?setInUse@XMLBuffer@xercesc_2_2@@QAEX_N@Z 1200bfd0 f i RegularExpression.obj
 0001:0000afe0       ??4KVStringPair@xercesc_2_2@@QAEAAV01@ABV01@@Z 1200bfe0 f i RegularExpression.obj
 0001:0000afe0       ??4XMLBuffer@xercesc_2_2@@QAEAAV01@ABV01@@Z 1200bfe0 f i RegularExpression.obj
 0001:0000b010       ??_FXMLBuffer@xercesc_2_2@@QAEXXZ 1200c010 f i RegularExpression.obj
 0001:0000b050       ??0Context@RegularExpression@xercesc_2_2@@QAE@XZ 1200c050 f   RegularExpression.obj
 0001:0000b070       ??1Context@RegularExpression@xercesc_2_2@@QAE@XZ 1200c070 f   RegularExpression.obj
 0001:0000b0a0       ?reset@Context@RegularExpression@xercesc_2_2@@QAEXQBGHHH@Z 1200c0a0 f   RegularExpression.obj
 0001:0000b180       ?nextCh@Context@RegularExpression@xercesc_2_2@@QAE_NAAH0F@Z 1200c180 f   RegularExpression.obj
 0001:0000b260       ??0RegularExpression@xercesc_2_2@@QAE@QBD@Z 1200c260 f   RegularExpression.obj
 0001:0000b390       ??0RegularExpression@xercesc_2_2@@QAE@QBD0@Z 1200c390 f   RegularExpression.obj
 0001:0000b4e0       ??0RegularExpression@xercesc_2_2@@QAE@QBG@Z 1200c4e0 f   RegularExpression.obj
 0001:0000b5f0       ??0RegularExpression@xercesc_2_2@@QAE@QBG0@Z 1200c5f0 f   RegularExpression.obj
 0001:0000b710       ??1RegularExpression@xercesc_2_2@@QAE@XZ 1200c710 f   RegularExpression.obj
 0001:0000b7e0       ?setPattern@RegularExpression@xercesc_2_2@@AAEXQBG0@Z 1200c7e0 f   RegularExpression.obj
 0001:0000b9d0       ?matches@RegularExpression@xercesc_2_2@@QAE_NQBD@Z 1200c9d0 f   RegularExpression.obj
 0001:0000ba60       ?matches@RegularExpression@xercesc_2_2@@QAE_NQBDHH@Z 1200ca60 f   RegularExpression.obj
 0001:0000bae0       ?matches@RegularExpression@xercesc_2_2@@QAE_NQBDQAVMatch@2@@Z 1200cae0 f   RegularExpression.obj
 0001:0000bb80       ?matches@RegularExpression@xercesc_2_2@@QAE_NQBDHHQAVMatch@2@@Z 1200cb80 f   RegularExpression.obj
 0001:0000bc00       ?matches@RegularExpression@xercesc_2_2@@QAE_NQBG@Z 1200cc00 f   RegularExpression.obj
 0001:0000bc50       ?matches@RegularExpression@xercesc_2_2@@QAE_NQBGHH@Z 1200cc50 f   RegularExpression.obj
 0001:0000bc70       ?matches@RegularExpression@xercesc_2_2@@QAE_NQBGQAVMatch@2@@Z 1200cc70 f   RegularExpression.obj
 0001:0000bcc0       ?matches@RegularExpression@xercesc_2_2@@QAE_NQBGHHQAVMatch@2@@Z 1200ccc0 f   RegularExpression.obj
 0001:0000c4a0       ?tokenize@RegularExpression@xercesc_2_2@@QAEPAV?$RefArrayVectorOf@G@2@QBD@Z 1200d4a0 f   RegularExpression.obj
 0001:0000c530       ?tokenize@RegularExpression@xercesc_2_2@@QAEPAV?$RefArrayVectorOf@G@2@QBDHH@Z 1200d530 f   RegularExpression.obj
 0001:0000c5a0       ?tokenize@RegularExpression@xercesc_2_2@@QAEPAV?$RefArrayVectorOf@G@2@QBG@Z 1200d5a0 f   RegularExpression.obj
 0001:0000c5f0       ?tokenize@RegularExpression@xercesc_2_2@@QAEPAV?$RefArrayVectorOf@G@2@QBGHH@Z 1200d5f0 f   RegularExpression.obj
 0001:0000c610       ?tokenize@RegularExpression@xercesc_2_2@@AAEPAV?$RefArrayVectorOf@G@2@QBGHHPAV?$RefVectorOf@VMatch@xercesc_2_2@@@2@@Z 1200d610 f   RegularExpression.obj
 0001:0000cd40       ?replace@RegularExpression@xercesc_2_2@@QAEPAGQBD0@Z 1200dd40 f   RegularExpression.obj
 0001:0000cdf0       ?replace@RegularExpression@xercesc_2_2@@QAEPAGQBD0HH@Z 1200ddf0 f   RegularExpression.obj
 0001:0000ce90       ?replace@RegularExpression@xercesc_2_2@@QAEPAGQBG0@Z 1200de90 f   RegularExpression.obj
 0001:0000cee0       ?replace@RegularExpression@xercesc_2_2@@QAEPAGQBG0HH@Z 1200dee0 f   RegularExpression.obj
 0001:0000d210       ?getOptionValue@RegularExpression@xercesc_2_2@@SAHG@Z 1200e210 f   RegularExpression.obj
 0001:0000d2f0       ?match@RegularExpression@xercesc_2_2@@AAEHQAVContext@12@QBVOp@2@HF@Z 1200e2f0 f   RegularExpression.obj
 0001:0000d9d0       ?matchChar@RegularExpression@xercesc_2_2@@AAE_NQAVContext@12@HAAHF_N@Z 1200e9d0 f   RegularExpression.obj
 0001:0000da80       ?matchDot@RegularExpression@xercesc_2_2@@AAE_NQAVContext@12@AAHF@Z 1200ea80 f   RegularExpression.obj
 0001:0000db30       ?matchRange@RegularExpression@xercesc_2_2@@AAE_NQAVContext@12@QBVOp@2@AAHF_N@Z 1200eb30 f   RegularExpression.obj
 0001:0000dbc0       ?matchAnchor@RegularExpression@xercesc_2_2@@AAE_NQAVContext@12@HH@Z 1200ebc0 f   RegularExpression.obj
 0001:0000e0e0       ?matchBackReference@RegularExpression@xercesc_2_2@@AAE_NQAVContext@12@HAAHF_N@Z 1200f0e0 f   RegularExpression.obj
 0001:0000e330       ?matchString@RegularExpression@xercesc_2_2@@AAE_NQAVContext@12@QBGAAHF_N@Z 1200f330 f   RegularExpression.obj
 0001:0000e3d0       ?matchCapture@RegularExpression@xercesc_2_2@@AAEHQAVContext@12@QBVOp@2@HF@Z 1200f3d0 f   RegularExpression.obj
 0001:0000e6a0       ?matchCondition@RegularExpression@xercesc_2_2@@AAE_NQAVContext@12@QBVOp@2@HF@Z 1200f6a0 f   RegularExpression.obj
 0001:0000e7d0       ?parseOptions@RegularExpression@xercesc_2_2@@AAEHQBG@Z 1200f7d0 f   RegularExpression.obj
 0001:0000e940       ?compile@RegularExpression@xercesc_2_2@@AAEXQBVToken@2@@Z 1200f940 f   RegularExpression.obj
 0001:0000e970       ?compile@RegularExpression@xercesc_2_2@@AAEPAVOp@2@QBVToken@2@QAV32@_N@Z 1200f970 f   RegularExpression.obj
 0001:0000ed30       ?subInExp@RegularExpression@xercesc_2_2@@AAEPBGQBG0PBVMatch@2@@Z 1200fd30 f   RegularExpression.obj
 0001:0000f100       ?prepare@RegularExpression@xercesc_2_2@@AAEXXZ 12010100 f   RegularExpression.obj
 0001:0000f410       ?getCharType@RegularExpression@xercesc_2_2@@AAEGG@Z 12010410 f   RegularExpression.obj
 0001:0000f560       ??1?$Janitor@VContext@RegularExpression@xercesc_2_2@@@xercesc_2_2@@QAE@XZ 12010560 f i RegularExpression.obj
 0001:0000f5b0       ??_G?$RefArrayVectorOf@G@xercesc_2_2@@UAEPAXI@Z 120105b0 f i RegularExpression.obj
 0001:0000f5b0       ??_E?$RefArrayVectorOf@G@xercesc_2_2@@UAEPAXI@Z 120105b0 f i RegularExpression.obj
 0001:0000f5d0       ??1?$RefArrayVectorOf@G@xercesc_2_2@@UAE@XZ 120105d0 f i RegularExpression.obj
 0001:0000f650       ??1?$BaseRefVectorOf@G@xercesc_2_2@@UAE@XZ 12010650 f i RegularExpression.obj
 0001:0000f660       ??_E?$RefVectorOf@VMatch@xercesc_2_2@@@xercesc_2_2@@UAEPAXI@Z 12010660 f i RegularExpression.obj
 0001:0000f660       ??_G?$RefVectorOf@VMatch@xercesc_2_2@@@xercesc_2_2@@UAEPAXI@Z 12010660 f i RegularExpression.obj
 0001:0000f680       ??1?$RefVectorOf@VMatch@xercesc_2_2@@@xercesc_2_2@@UAE@XZ 12010680 f i RegularExpression.obj
 0001:0000f700       ??1?$BaseRefVectorOf@VMatch@xercesc_2_2@@@xercesc_2_2@@UAE@XZ 12010700 f i RegularExpression.obj
 0001:0000f710       ?reset@?$ArrayJanitor@G@xercesc_2_2@@QAEXPAG@Z 12010710 f i RegularExpression.obj
 0001:0000f730       ??0?$BaseRefVectorOf@VMatch@xercesc_2_2@@@xercesc_2_2@@QAE@I_N@Z 12010730 f i RegularExpression.obj
 0001:0000f790       ??0RegxParser@xercesc_2_2@@QAE@XZ 12010790 f   RegxParser.obj
 0001:0000f7d0       ??_ERegxParser@xercesc_2_2@@UAEPAXI@Z 120107d0 f i RegxParser.obj
 0001:0000f830       ??1RegxParser@xercesc_2_2@@UAE@XZ 12010830 f   RegxParser.obj
 0001:0000f8a0       ?parse@RegxParser@xercesc_2_2@@QAEPAVToken@2@QBGH@Z 120108a0 f   RegxParser.obj
 0001:0000fb50       ?processNext@RegxParser@xercesc_2_2@@IAEXXZ 12010b50 f   RegxParser.obj
 0001:00010110       ?parseRegx@RegxParser@xercesc_2_2@@IAEPAVToken@2@XZ 12011110 f   RegxParser.obj
 0001:00010180       ?parseTerm@RegxParser@xercesc_2_2@@AAEPAVToken@2@XZ 12011180 f   RegxParser.obj
 0001:00010210       ?processCaret@RegxParser@xercesc_2_2@@MAEPAVToken@2@XZ 12011210 f   RegxParser.obj
 0001:00010230       ?processDollar@RegxParser@xercesc_2_2@@MAEPAVToken@2@XZ 12011230 f   RegxParser.obj
 0001:00010250       ?processLook@RegxParser@xercesc_2_2@@MAEPAVToken@2@G@Z 12011250 f   RegxParser.obj
 0001:00010300       ?processBacksolidus_A@RegxParser@xercesc_2_2@@MAEPAVToken@2@XZ 12011300 f   RegxParser.obj
 0001:00010320       ?processBacksolidus_Z@RegxParser@xercesc_2_2@@MAEPAVToken@2@XZ 12011320 f   RegxParser.obj
 0001:00010340       ?processBacksolidus_z@RegxParser@xercesc_2_2@@MAEPAVToken@2@XZ 12011340 f   RegxParser.obj
 0001:00010360       ?processBacksolidus_b@RegxParser@xercesc_2_2@@MAEPAVToken@2@XZ 12011360 f   RegxParser.obj
 0001:00010380       ?processBacksolidus_B@RegxParser@xercesc_2_2@@MAEPAVToken@2@XZ 12011380 f   RegxParser.obj
 0001:000103a0       ?processBacksolidus_lt@RegxParser@xercesc_2_2@@MAEPAVToken@2@XZ 120113a0 f   RegxParser.obj
 0001:000103c0       ?processBacksolidus_gt@RegxParser@xercesc_2_2@@MAEPAVToken@2@XZ 120113c0 f   RegxParser.obj
 0001:000103e0       ?processStar@RegxParser@xercesc_2_2@@MAEPAVToken@2@QAV32@@Z 120113e0 f   RegxParser.obj
 0001:00010420       ?processPlus@RegxParser@xercesc_2_2@@MAEPAVToken@2@QAV32@@Z 12011420 f   RegxParser.obj
 0001:00010460       ?processQuestion@RegxParser@xercesc_2_2@@MAEPAVToken@2@QAV32@@Z 12011460 f   RegxParser.obj
 0001:000104e0       ?processParen@RegxParser@xercesc_2_2@@MAEPAVToken@2@XZ 120114e0 f   RegxParser.obj
 0001:000105a0       ?processParen2@RegxParser@xercesc_2_2@@MAEPAVToken@2@XZ 120115a0 f   RegxParser.obj
 0001:00010650       ?processCondition@RegxParser@xercesc_2_2@@MAEPAVToken@2@XZ 12011650 f   RegxParser.obj
 0001:000109e0       ?processModifiers@RegxParser@xercesc_2_2@@MAEPAVToken@2@XZ 120119e0 f   RegxParser.obj
 0001:00010c30       ?processIndependent@RegxParser@xercesc_2_2@@MAEPAVToken@2@XZ 12011c30 f   RegxParser.obj
 0001:00010ce0       ?processBacksolidus_c@RegxParser@xercesc_2_2@@MAEPAVToken@2@XZ 12011ce0 f   RegxParser.obj
 0001:00010d50       ?processBacksolidus_i@RegxParser@xercesc_2_2@@MAEPAVToken@2@XZ 12011d50 f   RegxParser.obj
 0001:00010d70       ?processBacksolidus_g@RegxParser@xercesc_2_2@@MAEPAVToken@2@XZ 12011d70 f   RegxParser.obj
 0001:00010d90       ?processBacksolidus_X@RegxParser@xercesc_2_2@@MAEPAVToken@2@XZ 12011d90 f   RegxParser.obj
 0001:00010db0       ?processBackReference@RegxParser@xercesc_2_2@@MAEPAVToken@2@XZ 12011db0 f   RegxParser.obj
 0001:00010f10       ?parseFactor@RegxParser@xercesc_2_2@@AAEPAVToken@2@XZ 12011f10 f   RegxParser.obj
 0001:00011370       ?parseAtom@RegxParser@xercesc_2_2@@AAEPAVToken@2@XZ 12012370 f   RegxParser.obj
 0001:00011730       ?processBacksolidus_pP@RegxParser@xercesc_2_2@@IAEPAVRangeToken@2@H@Z 12012730 f   RegxParser.obj
 0001:00011a00       ?processCInCharacterClass@RegxParser@xercesc_2_2@@MAEHQAVRangeToken@2@H@Z 12012a00 f   RegxParser.obj
 0001:00011a10       ?parseCharacterClass@RegxParser@xercesc_2_2@@MAEPAVRangeToken@2@_N@Z 12012a10 f   RegxParser.obj
 0001:00011f30       ?parseSetOperations@RegxParser@xercesc_2_2@@MAEPAVRangeToken@2@XZ 12012f30 f   RegxParser.obj
 0001:00012030       ?getTokenForShorthand@RegxParser@xercesc_2_2@@MAEPAVToken@2@H@Z 12013030 f   RegxParser.obj
 0001:00012160       ?decodeEscaped@RegxParser@xercesc_2_2@@MAEHXZ 12013160 f   RegxParser.obj
[...]
 0003:00021718       ??_R0?AVSAXNotSupportedException@xercesc_2_2@@@8 121d0718     SAX2XMLReaderImpl.obj
 0003:0002174c       ??_C@_0BA@IJFN@Unknown?5Feature?$AA@ 121d074c     SAX2XMLReaderImpl.obj
 0003:0002175c       ??_C@_0DE@KAIE@Feature?5modification?5is?5not?5supp@ 121d075c     SAX2XMLReaderImpl.obj
 0003:00021790       ??_C@_0BB@MDM@Unknown?5Property?$AA@ 121d0790     SAX2XMLReaderImpl.obj
 0003:000217a4       ??_C@_0DF@CGAC@Property?5modification?5is?5not?5sup@ 121d07a4     SAX2XMLReaderImpl.obj
 0003:000217dc       ??_C@_0EC@OPFF@c?3?2xml4c_root?2xerces?9c?9src2_2_0?2@ 121d07dc     SAXParser.obj
 0003:00021820       ??_C@_0EI@OBAD@c?3?2xml4c_root?2xerces?9c?9src2_2_0?2@ 121d0820     XercesDOMParser.obj
 0003:00021868       ??_C@_0FC@IINI@c?3?2xml4c_root?2xerces?9c?9src2_2_0?2@ 121d0868     AllContentModel.obj
 0003:000218bc       ??_C@_05ONKL@CMAny?$AA@    121d08bc     CMAny.obj
 0003:000218c4       ??_C@_0EI@FMFO@c?3?2xml4c_root?2xerces?9c?9src2_2_0?2@ 121d08c4     CMAny.obj
 0003:0002190c       ??_C@_0DM@NIED@?4?4?2?4?4?2?4?4?2?4?4?2?4?4?2src?2xercesc?1valid@ 121d090c     CMAny.obj
 0003:00021948       ??_C@_0EN@MABL@c?3?2xml4c_root?2xerces?9c?9src2_2_0?2@ 121d0948     CMBinaryOp.obj
 0003:00021998       ??_C@_0EM@IHJO@c?3?2xml4c_root?2xerces?9c?9src2_2_0?2@ 121d0998     CMUnaryOp.obj
 0003:000219e4       ??_C@_0FM@NOAB@c?3?2xml4c_root?2xerces?9c?9src2_2_0?2@ 121d09e4     ContentLeafNameTypeVector.obj
 0003:00021a40       ??_C@_0EB@DCJN@?4?4?2?4?4?2?4?4?2?4?4?2?4?4?2src?2xercesc?1valid@ 121d0a40     DFAContentModel.obj
 0003:00021a84       ??_C@_0FC@LFMH@c?3?2xml4c_root?2xerces?9c?9src2_2_0?2@ 121d0a84     DFAContentModel.obj
 0003:00021ad8       ??_C@_0FC@LCPC@c?3?2xml4c_root?2xerces?9c?9src2_2_0?2@ 121d0ad8     GrammarResolver.obj
 0003:00021b2c       ??_C@_0FE@JKEI@c?3?2xml4c_root?2xerces?9c?9src2_2_0?2@ 121d0b2c     MixedContentModel.obj
 0003:00021b80       ??_C@_0FF@JGEA@c?3?2xml4c_root?2xerces?9c?9src2_2_0?2@ 121d0b80     SimpleContentModel.obj
 0003:00021bd8       ??_R0?AVInvalidDatatypeFacetException@xercesc_2_2@@@8 121d0bd8     AbstractNumericFacetValidator.obj
 0003:00021c10       ??_C@_0GC@ILHP@c?3?2xml4c_root?2xerces?9c?9src2_2_0?2@ 121d0c10     AbstractNumericFacetValidator.obj
 0003:00021c78       ??_R0?AVInvalidDatatypeValueException@xercesc_2_2@@@8 121d0c78     AbstractNumericValidator.obj
 0003:00021cb0       ??_C@_0FN@HILC@c?3?2xml4c_root?2xerces?9c?9src2_2_0?2@ 121d0cb0     AbstractNumericValidator.obj
 0003:00021d10       ??_C@_0FM@BPLD@c?3?2xml4c_root?2xerces?9c?9src2_2_0?2@ 121d0d10     AbstractStringValidator.obj
 0003:00021d6c       ??_C@_0GD@EJFK@c?3?2xml4c_root?2xerces?9c?9src2_2_0?2@ 121d0d6c     AnySimpleTypeDatatypeValidator.obj
 0003:00021dd0       ??_C@_0FM@BKH@c?3?2xml4c_root?2xerces?9c?9src2_2_0?2@ 121d0dd0     AnyURIDatatypeValidator.obj
 0003:00021e2c       ??_C@_0GC@HCEM@c?3?2xml4c_root?2xerces?9c?9src2_2_0?2@ 121d0e2c     Base64BinaryDatatypeValidator.obj
 0003:00021e90       ??_C@_0M@NIGK@enumeration?$AA@ 121d0e90     BooleanDatatypeValidator.obj
 0003:00021e9c       ??_C@_0FN@FPMP@c?3?2xml4c_root?2xerces?9c?9src2_2_0?2@ 121d0e9c     BooleanDatatypeValidator.obj
 0003:00021efc       ??_C@_0FG@OJIM@c?3?2xml4c_root?2xerces?9c?9src2_2_0?2@ 121d0efc     DateTimeValidator.obj
 0003:00021f54       ??_C@_0FN@GODJ@c?3?2xml4c_root?2xerces?9c?9src2_2_0?2@ 121d0f54     DecimalDatatypeValidator.obj
 0003:00021fb4       ??_C@_0FM@EILL@c?3?2xml4c_root?2xerces?9c?9src2_2_0?2@ 121d0fb4     DoubleDatatypeValidator.obj
 0003:00022010       ??_C@_0FM@LBOF@c?3?2xml4c_root?2xerces?9c?9src2_2_0?2@ 121d1010     ENTITYDatatypeValidator.obj
 0003:0002206c       ??_C@_0FL@JDLI@c?3?2xml4c_root?2xerces?9c?9src2_2_0?2@ 121d106c     FloatDatatypeValidator.obj
 0003:000220c8       ??_C@_0FP@EECJ@c?3?2xml4c_root?2xerces?9c?9src2_2_0?2@ 121d10c8     HexBinaryDatatypeValidator.obj
 0003:00022128       ??_C@_0FI@ODPB@c?3?2xml4c_root?2xerces?9c?9src2_2_0?2@ 121d1128     IDDatatypeValidator.obj
 0003:00022180       ??_C@_0FL@OLDO@c?3?2xml4c_root?2xerces?9c?9src2_2_0?2@ 121d1180     IDREFDatatypeValidator.obj
 0003:000221dc       ??_C@_0FK@HNLK@c?3?2xml4c_root?2xerces?9c?9src2_2_0?2@ 121d11dc     ListDatatypeValidator.obj
 0003:00022238       ??_C@_0FK@EPLH@c?3?2xml4c_root?2xerces?9c?9src2_2_0?2@ 121d1238     NameDatatypeValidator.obj
 0003:00022294       ??_C@_0FM@JENL@c?3?2xml4c_root?2xerces?9c?9src2_2_0?2@ 121d1294     NCNameDatatypeValidator.obj
 0003:000222f0       ??_C@_0FO@MOGK@c?3?2xml4c_root?2xerces?9c?9src2_2_0?2@ 121d12f0     NOTATIONDatatypeValidator.obj
 0003:00022350       ??_C@_0FL@MN@c?3?2xml4c_root?2xerces?9c?9src2_2_0?2@ 121d1350     QNameDatatypeValidator.obj
 0003:000223ac       ??_C@_0FM@FNPB@c?3?2xml4c_root?2xerces?9c?9src2_2_0?2@ 121d13ac     StringDatatypeValidator.obj
 0003:00022408       ??_C@_0FL@MMHC@c?3?2xml4c_root?2xerces?9c?9src2_2_0?2@ 121d1408     UnionDatatypeValidator.obj
 0003:00022464       ??_C@_0EO@LKEG@c?3?2xml4c_root?2xerces?9c?9src2_2_0?2@ 121d1464     DTDElementDecl.obj
 0003:000224b4       ??_C@_0EK@DFCL@c?3?2xml4c_root?2xerces?9c?9src2_2_0?2@ 121d14b4     DTDScanner.obj
 0003:00022500       ??_C@_0EM@GDBH@c?3?2xml4c_root?2xerces?9c?9src2_2_0?2@ 121d1500     DTDValidator.obj
 0003:00022550       ??_R0?AVXPathException@xercesc_2_2@@@8 121d1550     XercesXPath.obj
 0003:0002257c       ??_C@_0FH@MLFC@c?3?2xml4c_root?2xerces?9c?9src2_2_0?2@ 121d157c     XercesXPath.obj
 0003:000225d4       ??_C@_0FI@GFGE@c?3?2xml4c_root?2xerces?9c?9src2_2_0?2@ 121d15d4     XPathMatcher.obj
 0003:0002262c       ??_C@_0FC@FMPP@c?3?2xml4c_root?2xerces?9c?9src2_2_0?2@ 121d162c     ComplexTypeInfo.obj
 0003:00022680       ?fgElemAttTable@GeneralAttributeCheck@xercesc_2_2@@0PAY0CC@GA 121d1680     GeneralAttributeCheck.obj
 0003:000233c8       ?fAttNames@GeneralAttributeCheck@xercesc_2_2@@0PAPBGA 121d23c8     GeneralAttributeCheck.obj
 0003:00023450       ??_C@_0FB@JPAF@c?3?2xml4c_root?2xerces?9c?9src2_2_0?2@ 121d2450     NamespaceScope.obj
 0003:000234a4       ??_C@_0FD@HAHB@c?3?2xml4c_root?2xerces?9c?9src2_2_0?2@ 121d24a4     SchemaAttDefList.obj
 0003:000234f8       ??_C@_0FE@HBID@c?3?2xml4c_root?2xerces?9c?9src2_2_0?2@ 121d24f8     SchemaElementDecl.obj
 0003:0002354c       ??_C@_0FC@NIJD@c?3?2xml4c_root?2xerces?9c?9src2_2_0?2@ 121d254c     SchemaValidator.obj
 0003:000235a0       ??_C@_0FO@HKIG@c?3?2xml4c_root?2xerces?9c?9src2_2_0?2@ 121d25a0     SubstitutionGroupComparator.obj
 0003:00023600       ?fgIdentityConstraints@xercesc_2_2@@3PAPBGA 121d2600     TraverseSchema.obj
 0003:00023610       ??_R0?AW4ExceptionCodes@TraverseSchema@xercesc_2_2@@@8 121d2610     TraverseSchema.obj
 0003:0002364c       ??_C@_0FB@KPKN@c?3?2xml4c_root?2xerces?9c?9src2_2_0?2@ 121d264c     TraverseSchema.obj
 0003:000236a0       ??_C@_0CN@FACH@?4?4?2?4?4?2?4?4?2?4?4?2?4?4?2src?2xercesc?1util?1@ 121d26a0     DOMDocumentImpl.obj
 0003:000236d0       ??_C@_0EJ@PAFG@c?3?2xml4c_root?2xerces?9c?9src2_2_0?2@ 121d26d0     DOMDocumentImpl.obj
 0003:0002371c       ??_C@_0DK@LODD@?4?4?2?4?4?2?4?4?2?4?4?2?4?4?2src?2xercesc?1dom?1i@ 121d271c     DOMDocumentImpl.obj
 0003:00023758       ??_C@_0EG@NODL@c?3?2xml4c_root?2xerces?9c?9src2_2_0?2@ 121d2758     DOMNodeIDMap.obj
 0003:000237a0       ??_R0?AVDOMRangeException@xercesc_2_2@@@8 121d27a0     DOMRangeImpl.obj
 0003:000237e0       ??_R0?AW4Codes@XMLDOMMsg@xercesc_2_2@@@8 121d27e0     DOMWriterImpl.obj
 0003:00023810       ??_R0?AVDOM_DOMException@xercesc_2_2@@@8 121d2810     AttrImpl.obj
 0003:0002383c       ??_C@_01HMO@?$CC?$AA@      121d283c     AttrImpl.obj
 0003:00023840       ??_C@_02EBGB@?$DN?$CC?$AA@ 121d2840     AttrImpl.obj
 0003:00023844       ??_C@_0P@CKBI@?$CDcdata?9section?$AA@ 121d2844     CDATASectionImpl.obj
 0003:00023854       ??_C@_08JMOF@?$CDcomment?$AA@ 121d2854     CommentImpl.obj
 0003:00023860       ??_C@_01FDHG@?$CK?$AA@     121d2860     DeepNodeListImpl.obj
 0003:00023864       ??_C@_0BD@CBIP@?$CDdocument?9fragment?$AA@ 121d2864     DocumentFragmentImpl.obj
 0003:00023878       ??_C@_09FGFB@?$CDdocument?$AA@ 121d2878     DocumentImpl.obj
 0003:00023884       ??_C@_05MCCK@Range?$AA@    121d2884     DOM_DOMImplementation.obj
 0003:0002388c       ??_C@_09LNFH@Traversal?$AA@ 121d288c     DOM_DOMImplementation.obj
 0003:00023898       ??_C@_04BNDI@Core?$AA@     121d2898     DOM_DOMImplementation.obj
 0003:000238a0       ??_C@_03DMKA@XML?$AA@      121d28a0     DOM_DOMImplementation.obj
 0003:000238a4       ??_C@_03CLPL@2?40?$AA@     121d28a4     DOM_DOMImplementation.obj
 0003:000238a8       ??_C@_03NNMA@1?40?$AA@     121d28a8     DOM_DOMImplementation.obj
 0003:000238ac       ??_C@_0BCM@GHMG@DOM?5reference?5counted?5memory?5all@ 121d28ac     DomMemDebug.obj
 0003:000239d8       ??_C@_01BJG@?6?$AA@        121d29d8     DomMemDebug.obj
 0003:000239dc       ??_C@_0BF@JFNJ@?5?5?5?$CFd?5NamedNodeMaps?4?$AA@ 121d29dc     DomMemDebug.obj
 0003:000239f4       ??_C@_0BB@IEON@?5?5?5?$CFd?5NodeImpls?4?$AA@ 121d29f4     DomMemDebug.obj
 0003:00023a08       ??_C@_0BF@IGHB@?5?5?5?$CFd?5StringBuffers?4?$AA@ 121d2a08     DomMemDebug.obj
 0003:00023a20       ??_C@_0BF@HJNG@?5?5?5?$CFd?5StringHandles?4?$AA@ 121d2a20     DomMemDebug.obj
 0003:00023a38       ??_C@_0EJ@DIOG@c?3?2xml4c_root?2xerces?9c?9src2_2_0?2@ 121d2a38     DOMParser.obj
 0003:00023a84       ??_C@_0EJ@LGJC@c?3?2xml4c_root?2xerces?9c?9src2_2_0?2@ 121d2a84     DOMString.obj
 0003:00023ad0       ??_C@_0EJ@CFMA@c?3?2xml4c_root?2xerces?9c?9src2_2_0?2@ 121d2ad0     NodeIDMap.obj
 0003:00023b1c       ??_C@_01KHLB@?$FL?$AA@     121d2b1c     NodeImpl.obj
 0003:00023b20       ??_C@_02HFBK@?3?5?$AA@     121d2b20     NodeImpl.obj
 0003:00023b24       ??_C@_01FIMD@?$FN?$AA@     121d2b24     NodeImpl.obj
 0003:00023b28       ??_C@_05GJOJ@xmlns?$AA@    121d2b28     NodeImpl.obj
 0003:00023b30       ??_C@_0BO@DOBD@http?3?1?1www?4w3?4org?12000?1xmlns?1?$AA@ 121d2b30     NodeImpl.obj
 0003:00023b50       ??_C@_03PJMH@xml?$AA@      121d2b50     NodeImpl.obj
 0003:00023b54       ??_C@_0CF@JEIF@http?3?1?1www?4w3?4org?1XML?11998?1names@ 121d2b54     NodeImpl.obj
 0003:00023b80       ??_R0?AVDOM_RangeException@xercesc_2_2@@@8 121d2b80     RangeImpl.obj
 0003:00023bb0       ??_C@_05FDFO@?$CDtext?$AA@ 121d2bb0     TextImpl.obj
 0003:00023bb8       ??_C@_08PCJH@?$CDxmldecl?$AA@ 121d2bb8     XMLDeclImpl.obj
 0003:00023bd0       ??_R0?AVtype_info@@@8      121d2bd0     MSVCRT:ti_inst.obj
 0003:00023bf0       ??_C@_00A@?$AA@            121d2bf0     Win32PlatformUtils.obj
 0003:00023bf8       ?globalModuleHandle@@3PAUHINSTANCE__@@A 121d2bf8     Win32MsgLoader.obj
 0003:00023bfc       ?gWinsockLib@xercesc_2_2@@3PAUHINSTANCE__@@A 121d2bfc     BinHTTPURLInputStream.obj
 0003:00023c00       ?gWSgethostbyname@xercesc_2_2@@3P6GPAUhostent@@PBD@ZA 121d2c00     BinHTTPURLInputStream.obj
 0003:00023c04       ?gWSinet_addr@xercesc_2_2@@3P6GKPBD@ZA 121d2c04     BinHTTPURLInputStream.obj
 0003:00023c08       ?gWSgethostbyaddr@xercesc_2_2@@3P6GPAUhostent@@PBDHH@ZA 121d2c08     BinHTTPURLInputStream.obj
 0003:00023c0c       ?gWShtons@xercesc_2_2@@3P6GGG@ZA 121d2c0c     BinHTTPURLInputStream.obj
 0003:00023c10       ?gWSsocket@xercesc_2_2@@3P6GIHHH@ZA 121d2c10     BinHTTPURLInputStream.obj
 0003:00023c14       ?gWSconnect@xercesc_2_2@@3P6GHIPBUsockaddr@@H@ZA 121d2c14     BinHTTPURLInputStream.obj
 0003:00023c18       ?gWSsend@xercesc_2_2@@3P6GHIPBDHH@ZA 121d2c18     BinHTTPURLInputStream.obj
 0003:00023c1c       ?gWSrecv@xercesc_2_2@@3P6GHIPADHH@ZA 121d2c1c     BinHTTPURLInputStream.obj
 0003:00023c20       ?gWSshutdown@xercesc_2_2@@3P6GHIH@ZA 121d2c20     BinHTTPURLInputStream.obj
 0003:00023c24       ?gWSclosesocket@xercesc_2_2@@3P6GHI@ZA 121d2c24     BinHTTPURLInputStream.obj
 0003:00023c28       ?gWSACleanup@xercesc_2_2@@3P6GHXZA 121d2c28     BinHTTPURLInputStream.obj
 0003:00023c2c       ?fInitialized@BinHTTPURLInputStream@xercesc_2_2@@0_NA 121d2c2c     BinHTTPURLInputStream.obj
 0003:00023c30       ?fInitMutex@BinHTTPURLInputStream@xercesc_2_2@@0PAVXMLMutex@2@A 121d2c30     BinHTTPURLInputStream.obj
 0003:00023c4c       ?fInstance@RangeTokenMap@xercesc_2_2@@0PAV12@A 121d2c4c     RangeTokenMap.obj
 0003:00023c50       ?fWordRange@RegularExpression@xercesc_2_2@@0PAVRangeToken@2@A 121d2c50     RegularExpression.obj
 0003:00023c54       ?base64Inverse@Base64@xercesc_2_2@@0PAEA 121d2c54     Base64.obj
 0003:00023d53       ?isInitialized@Base64@xercesc_2_2@@0_NA 121d2d53     Base64.obj
 0003:00023d6c       ?fInstance@EncodingValidator@xercesc_2_2@@0PAV12@A 121d2d6c     EncodingValidator.obj
 0003:00023d70       ?hexNumberTable@HexBin@xercesc_2_2@@0PA_NA 121d2d70     HexBin.obj
 0003:00023e6f       ?isInitialized@HexBin@xercesc_2_2@@0_NA 121d2e6f     HexBin.obj
 0003:00023e78       ?gXMLCleanupList@xercesc_2_2@@3PAVXMLRegisterCleanup@1@A 121d2e78     PlatformUtils.obj
 0003:00023e7c       ?gXMLCleanupListMutex@xercesc_2_2@@3PAVXMLMutex@1@A 121d2e7c     PlatformUtils.obj
 0003:00023e80       ?fgNetAccessor@XMLPlatformUtils@xercesc_2_2@@2PAVXMLNetAccessor@2@A 121d2e80     PlatformUtils.obj
 0003:00023e84       ?fgTransService@XMLPlatformUtils@xercesc_2_2@@2PAVXMLTransService@2@A 121d2e84     PlatformUtils.obj
 0003:00023f38       ?enableNEL@XMLChar1_0@xercesc_2_2@@0_NA 121d2f38     XMLChar.obj
 0003:00023f64       ?fLocale@XMLMsgLoader@xercesc_2_2@@0PADA 121d2f64     XMLMsgLoader.obj
 0003:00024164       ?fBuiltInRegistry@DatatypeValidatorFactory@xercesc_2_2@@0PAV?$RefHashTableOf@VDatatypeValidator@xercesc_2_2@@@2@A 121d3164     DatatypeValidatorFactory.obj
 0003:0002448c       ?fAttMap@GeneralAttributeCheck@xercesc_2_2@@0PAV?$ValueHashTableOf@G@2@A 121d348c     GeneralAttributeCheck.obj
 0003:00024490       ?fFacetsMap@GeneralAttributeCheck@xercesc_2_2@@0PAV?$ValueHashTableOf@G@2@A 121d3490     GeneralAttributeCheck.obj
 0003:00024494       ?fNonNegIntDV@GeneralAttributeCheck@xercesc_2_2@@0PAVDatatypeValidator@2@A 121d3494     GeneralAttributeCheck.obj
 0003:00024498       ?fBooleanDV@GeneralAttributeCheck@xercesc_2_2@@0PAVDatatypeValidator@2@A 121d3498     GeneralAttributeCheck.obj
 0003:0002449c       ?fAnyURIDV@GeneralAttributeCheck@xercesc_2_2@@0PAVDatatypeValidator@2@A 121d349c     GeneralAttributeCheck.obj
 0003:0002466c       ?freeListPtr@DOMStringHandle@xercesc_2_2@@0PAXA 121d366c     DOMString.obj
 0003:00024670       ?blockListPtr@DOMStringHandle@xercesc_2_2@@0PAV12@A 121d3670     DOMString.obj
 0003:00024674       ?gLiveStringDataCount@DOMString@xercesc_2_2@@0HA 121d3674     DOMString.obj
 0003:00024678       ?gTotalStringDataCount@DOMString@xercesc_2_2@@0HA 121d3678     DOMString.obj
 0003:0002467c       ?gLiveStringHandleCount@DOMString@xercesc_2_2@@0HA 121d367c     DOMString.obj
 0003:00024680       ?gTotalStringHandleCount@DOMString@xercesc_2_2@@0HA 121d3680     DOMString.obj
 0003:00024698       ?gLiveNamedNodeMaps@NamedNodeMapImpl@xercesc_2_2@@1HA 121d3698     NamedNodeMapImpl.obj
 0003:0002469c       ?gTotalNamedNodeMaps@NamedNodeMapImpl@xercesc_2_2@@1HA 121d369c     NamedNodeMapImpl.obj
 0003:000246bc       ?gLiveNodeImpls@NodeImpl@xercesc_2_2@@2HA 121d36bc     NodeImpl.obj
 0003:000246c0       ?gTotalNodeImpls@NodeImpl@xercesc_2_2@@2HA 121d36c0     NodeImpl.obj
 0003:000246ec       __adjust_fdiv              121d36ec     <common>
 0003:000246f0       __pRawDllMain              121d36f0     <common>
 0003:000246f4       ___onexitend               121d36f4     <common>
 0003:000246f8       ___onexitbegin             121d36f8     <common>

 entry point at        0001:000e8f9c

 Static symbols

 0001:000e85c0       _$E207                     120e95c0 f   XMLDeclImpl.obj
 0001:000e6a30       _$E207                     120e7a30 f   TextImpl.obj
 0001:000dd0d0       _$E207                     120de0d0 f   NodeImpl.obj
 0001:000d9c10       _$E209                     120dac10 f   ElementImpl.obj
 0001:000d6e30       _$E210                     120d7e30 f   DOMString.obj
 0001:000d6e50       _$E213                     120d7e50 f   DOMString.obj
 0001:000d9580       ?reinitDomConverter@xercesc_2_2@@YAXXZ 120da580 f   DOMString.obj
 0001:000d95a0       ?reinitDomMutex@xercesc_2_2@@YAXXZ 120da5a0 f   DOMString.obj
 0001:000d1800       _$E212                     120d2800 f   DOM_DOMImplementation.obj
 0001:000d1910       ?reinitImplementation@xercesc_2_2@@YAXXZ 120d2910 f   DOM_DOMImplementation.obj
 0001:000d1930       _$E215                     120d2930 f   DOM_DOMImplementation.obj
 0001:000cdc90       _$E224                     120cec90 f   DocumentImpl.obj
 0001:000cd710       _$E19                      120ce710 f   DocumentFragmentImpl.obj
 0001:000cd140       _$E21                      120ce140 f   DeepNodeListImpl.obj
 0001:000ccea0       _$E207                     120cdea0 f   CommentImpl.obj
 0001:000cc490       _$E207                     120cd490 f   CDATASectionImpl.obj
 0001:000c7760       _$E204                     120c8760 f   DOMWriterImpl.obj
 0001:000bf980       ?reinitEmptyNodeList@xercesc_2_2@@YAXXZ 120c0980 f   DOMNodeImpl.obj
 0001:000bf9a0       _$E205                     120c09a0 f   DOMNodeImpl.obj
 0001:000be050       ?reinitDOMImplSrcVector@xercesc_2_2@@YAXXZ 120bf050 f   DOMImplementationRegistry.obj
 0001:000be070       _$E192                     120bf070 f   DOMImplementationRegistry.obj
 0001:000be080       ?reinitDOMImplSrcVectorMutex@xercesc_2_2@@YAXXZ 120bf080 f   DOMImplementationRegistry.obj
 0001:000be0b0       _$E194                     120bf0b0 f   DOMImplementationRegistry.obj
 0001:000bd4e0       ?reinitMsgLoader4DOM@xercesc_2_2@@YAXXZ 120be4e0 f   DOMImplementationImpl.obj
 0001:000bd500       _$E217                     120be500 f   DOMImplementationImpl.obj
 0001:000bd660       ?reinitImplementation@xercesc_2_2@@YAXXZ 120be660 f   DOMImplementationImpl.obj
 0001:000bd680       _$E219                     120be680 f   DOMImplementationImpl.obj
 0001:000afb70       ?reinitErrMsgLoader@xercesc_2_2@@YAXXZ 120b0b70 f   XSDErrorReporter.obj
 0001:000afb90       ?reinitValidMsgLoader@xercesc_2_2@@YAXXZ 120b0b90 f   XSDErrorReporter.obj
 0001:000afbb0       _$E194                     120b0bb0 f   XSDErrorReporter.obj
 0001:000afbc0       _$E196                     120b0bc0 f   XSDErrorReporter.obj
 0001:0008e550       _$E396                     1208f550 f   GeneralAttributeCheck.obj
 0001:000801e0       ?makeRepNode@xercesc_2_2@@YAPAVContentSpecNode@1@GQAV21@@Z 120811e0 f   DTDScanner.obj
 0001:00073c90       _$E403                     12074c90 f   DatatypeValidatorFactory.obj
 0001:00065fc0       ?formatNode@xercesc_2_2@@YAXQBVContentSpecNode@1@W4NodeTypes@21@AAVXMLBuffer@1@@Z 12066fc0 f   ContentSpecNode.obj
 0001:000556f0       _$E216                     120566f0 f   XMLScanner.obj
 0001:00055710       _$E219                     12056710 f   XMLScanner.obj
 0001:00056d90       ?gScannerMsgLoader@xercesc_2_2@@YAAAVXMLMsgLoader@1@XZ 12057d90 f   XMLScanner.obj
 0001:0002f660       _$E210                     12030660 f   XMLValidator.obj
 0001:0002f680       _$E213                     12030680 f   XMLValidator.obj
 0001:0002f7a0       ?getMsgLoader@xercesc_2_2@@YAAAVXMLMsgLoader@1@XZ 120307a0 f   XMLValidator.obj
 0001:00022300       _$E194                     12023300 f   XMLException.obj
 0001:00022320       _$E197                     12023320 f   XMLException.obj
 0001:000226b0       ?gGetMsgLoader@xercesc_2_2@@YAAAVXMLMsgLoader@1@XZ 120236b0 f   XMLException.obj
 0001:0001a500       ?reinitMappings@xercesc_2_2@@YAXXZ 1201b500 f   TransService.obj
 0001:0001a5d0       ?reinitMappingsRecognizer@xercesc_2_2@@YAXXZ 1201b5d0 f   TransService.obj
 0001:0001a5f0       _$E206                     1201b5f0 f   TransService.obj
 0001:0001a600       _$E205                     1201b600 f   TransService.obj
 0001:000176a0       _$E193                     120186a0 f   EncodingValidator.obj
 0001:0000a5a0       _$E199                     1200b5a0 f   RangeTokenMap.obj
 0001:000e8daa       ?ArrayUnwindFilter@@YAHPAU_EXCEPTION_POINTERS@@@Z 120e9daa f   MSVCRT:ehvecdtr.obj

 57104 bytes saved through ICF

